Archive member included because of file (symbol)

/home/yama/GCCToolchain/arm-2013.11/bin/../lib/gcc/arm-none-eabi/4.8.1/thumb2/libgcc.a(_arm_addsubdf3.o)
                              ./src/PHY/Peripheral/ReadTemperature/temperature.o (__aeabi_dsub)
/home/yama/GCCToolchain/arm-2013.11/bin/../lib/gcc/arm-none-eabi/4.8.1/thumb2/libgcc.a(_arm_muldivdf3.o)
                              ./src/PHY/Peripheral/ReadTemperature/temperature.o (__aeabi_dmul)
/home/yama/GCCToolchain/arm-2013.11/bin/../lib/gcc/arm-none-eabi/4.8.1/thumb2/libgcc.a(_arm_truncdfsf2.o)
                              ./src/PHY/Peripheral/ReadTemperature/temperature.o (__aeabi_d2f)
/home/yama/GCCToolchain/arm-2013.11/bin/../lib/gcc/arm-none-eabi/4.8.1/thumb2/libgcc.a(_aeabi_ldivmod.o)
                              ./src/PHY/Peripheral/LCD1202/lcd1202.o (__aeabi_ldivmod)
/home/yama/GCCToolchain/arm-2013.11/bin/../lib/gcc/arm-none-eabi/4.8.1/thumb2/libgcc.a(bpabi.o)
                              /home/yama/GCCToolchain/arm-2013.11/bin/../lib/gcc/arm-none-eabi/4.8.1/thumb2/libgcc.a(_aeabi_ldivmod.o) (__gnu_ldivmod_helper)
/home/yama/GCCToolchain/arm-2013.11/bin/../lib/gcc/arm-none-eabi/4.8.1/thumb2/libgcc.a(_dvmd_tls.o)
                              /home/yama/GCCToolchain/arm-2013.11/bin/../lib/gcc/arm-none-eabi/4.8.1/thumb2/libgcc.a(_aeabi_ldivmod.o) (__aeabi_ldiv0)
/home/yama/GCCToolchain/arm-2013.11/bin/../lib/gcc/arm-none-eabi/4.8.1/thumb2/libgcc.a(_divdi3.o)
                              /home/yama/GCCToolchain/arm-2013.11/bin/../lib/gcc/arm-none-eabi/4.8.1/thumb2/libgcc.a(bpabi.o) (__divdi3)
/home/yama/GCCToolchain/arm-2013.11/bin/../lib/gcc/arm-none-eabi/4.8.1/thumb2/libgcc.a(_udivdi3.o)
                              /home/yama/GCCToolchain/arm-2013.11/bin/../lib/gcc/arm-none-eabi/4.8.1/thumb2/libgcc.a(bpabi.o) (__udivdi3)
/home/yama/GCCToolchain/arm-2013.11/bin/../lib/gcc/arm-none-eabi/4.8.1/thumb2/libgcc.a(_udivsi3.o)
                              /home/yama/GCCToolchain/arm-2013.11/bin/../lib/gcc/arm-none-eabi/4.8.1/thumb2/libgcc.a(_divdi3.o) (__aeabi_uidiv)
/home/yama/GCCToolchain/arm-2013.11/bin/../lib/gcc/arm-none-eabi/4.8.1/../../../../arm-none-eabi/lib/thumb2/libc.a(lib_a-memcpy-stub.o)
                              ./src/OS/FreeRTOS_kernel/queue.o (memcpy)
/home/yama/GCCToolchain/arm-2013.11/bin/../lib/gcc/arm-none-eabi/4.8.1/../../../../arm-none-eabi/lib/thumb2/libc.a(lib_a-memset.o)
                              ./src/OS/FreeRTOS_kernel/tasks.o (memset)
/home/yama/GCCToolchain/arm-2013.11/bin/../lib/gcc/arm-none-eabi/4.8.1/../../../../arm-none-eabi/lib/thumb2/libc.a(lib_a-strlen.o)
                              ./src/PHY/Peripheral/LCD1202/lcd1202.o (strlen)

Allocating common symbols
Common symbol       size              file

gLcd1202Ram         0x360             ./src/PHY/Peripheral/LCD1202/lcd1202.o
gNumberTaskRegister
                    0x4               ./src/MID/PostOffice/postoffice.o
gCurrentTemperatureC
                    0x2               ./src/PHY/Peripheral/ReadTemperature/temperature.o
xQueueRegistry      0x40              ./src/OS/FreeRTOS_kernel/queue.o
gTimeCount          0x10              ./src/MID/Performance Management/performancemanagement.o
gPostOfficeAddress  0x4               ./src/MID/PostOffice/postoffice.o
TimingDelay         0x4               ./src/PHY/Peripheral/EthernetENC28J60/delay.o
gCurrentTemperatureF
                    0x2               ./src/PHY/Peripheral/ReadTemperature/temperature.o
gLcd1202CurrentOffset
                    0x4               ./src/PHY/Peripheral/LCD1202/lcd1202.o
gLedStatus          0x4               ./src/PHY/Peripheral/DriveLed/DriverLed.o
gCurrentFont        0x10              ./src/PHY/Peripheral/LCD1202/lcd_font.o
gPIDTask            0x50              ./src/MID/Performance Management/performancemanagement.o
gPostOfficeRegister
                    0x50              ./src/MID/PostOffice/postoffice.o

Discarded input sections

 .text          0x00000000        0x0 /home/yama/GCCToolchain/arm-2013.11/bin/../lib/gcc/arm-none-eabi/4.8.1/thumb2/crti.o
 .data          0x00000000        0x0 /home/yama/GCCToolchain/arm-2013.11/bin/../lib/gcc/arm-none-eabi/4.8.1/thumb2/crti.o
 .bss           0x00000000        0x0 /home/yama/GCCToolchain/arm-2013.11/bin/../lib/gcc/arm-none-eabi/4.8.1/thumb2/crti.o
 .data          0x00000000        0x4 /home/yama/GCCToolchain/arm-2013.11/bin/../lib/gcc/arm-none-eabi/4.8.1/thumb2/crtbegin.o
 .group         0x00000000        0x8 ./src/PHY/Peripheral/ReadTemperature/temperature.o
 .group         0x00000000        0x8 ./src/PHY/Peripheral/ReadTemperature/temperature.o
 .group         0x00000000        0x8 ./src/PHY/Peripheral/ReadTemperature/temperature.o
 .group         0x00000000        0x8 ./src/PHY/Peripheral/ReadTemperature/temperature.o
 .group         0x00000000        0x8 ./src/PHY/Peripheral/ReadTemperature/temperature.o
 .group         0x00000000        0x8 ./src/PHY/Peripheral/ReadTemperature/temperature.o
[...]
Memory Configuration

Name             Origin             Length             Attributes
FLASH            0x08000000         0x00100000         xr
SRAM             0x20000000         0x00020000         xrw
SRAM_CCM         0x10000000         0x00010000         xrw
*default*        0x00000000         0xffffffff

Linker script and memory map

LOAD /home/yama/GCCToolchain/arm-2013.11/bin/../lib/gcc/arm-none-eabi/4.8.1/thumb2/crti.o
LOAD /home/yama/GCCToolchain/arm-2013.11/bin/../lib/gcc/arm-none-eabi/4.8.1/thumb2/crtbegin.o
LOAD ./src/PHY/Peripheral/ReadTemperature/temperature.o
LOAD ./src/PHY/Peripheral/LCD5110/LCD5110.o
LOAD ./src/PHY/Peripheral/LCD1202/lcd1202.o
LOAD ./src/PHY/Peripheral/LCD1202/lcd_font.o
LOAD ./src/PHY/Peripheral/LCD1202/lcd_fontresource.o
LOAD ./src/PHY/Peripheral/LCD1202/lcd_logo.o
LOAD ./src/PHY/Peripheral/EthernetENC28J60/delay.o
LOAD ./src/PHY/Peripheral/EthernetENC28J60/enc28j60.o
LOAD ./src/PHY/Peripheral/EthernetENC28J60/ethernetshield.o
LOAD ./src/PHY/Peripheral/DriveLed/DriverLed.o
LOAD ./src/PHY/MCU/ARM/stm32f4xx/FreeRTOSHook.o
LOAD ./src/PHY/MCU/ARM/stm32f4xx/startup_stm32f4xx.o
LOAD ./src/PHY/MCU/ARM/stm32f4xx/system_stm32f4xx.o
LOAD ./src/PHY/Lib/cmsis_lib/stm32f4xx/misc.o
LOAD ./src/PHY/Lib/cmsis_lib/stm32f4xx/stm32f4xx_adc.o
LOAD ./src/PHY/Lib/cmsis_lib/stm32f4xx/stm32f4xx_can.o
LOAD ./src/PHY/Lib/cmsis_lib/stm32f4xx/stm32f4xx_crc.o
LOAD ./src/PHY/Lib/cmsis_lib/stm32f4xx/stm32f4xx_cryp.o
LOAD ./src/PHY/Lib/cmsis_lib/stm32f4xx/stm32f4xx_cryp_aes.o
LOAD ./src/PHY/Lib/cmsis_lib/stm32f4xx/stm32f4xx_cryp_des.o
LOAD ./src/PHY/Lib/cmsis_lib/stm32f4xx/stm32f4xx_cryp_tdes.o
LOAD ./src/PHY/Lib/cmsis_lib/stm32f4xx/stm32f4xx_dac.o
LOAD ./src/PHY/Lib/cmsis_lib/stm32f4xx/stm32f4xx_dbgmcu.o
LOAD ./src/PHY/Lib/cmsis_lib/stm32f4xx/stm32f4xx_dcmi.o
LOAD ./src/PHY/Lib/cmsis_lib/stm32f4xx/stm32f4xx_dma.o
LOAD ./src/PHY/Lib/cmsis_lib/stm32f4xx/stm32f4xx_exti.o
LOAD ./src/PHY/Lib/cmsis_lib/stm32f4xx/stm32f4xx_flash.o
LOAD ./src/PHY/Lib/cmsis_lib/stm32f4xx/stm32f4xx_fsmc.o
LOAD ./src/PHY/Lib/cmsis_lib/stm32f4xx/stm32f4xx_gpio.o
LOAD ./src/PHY/Lib/cmsis_lib/stm32f4xx/stm32f4xx_hash.o
LOAD ./src/PHY/Lib/cmsis_lib/stm32f4xx/stm32f4xx_hash_md5.o
LOAD ./src/PHY/Lib/cmsis_lib/stm32f4xx/stm32f4xx_hash_sha1.o
LOAD ./src/PHY/Lib/cmsis_lib/stm32f4xx/stm32f4xx_i2c.o
LOAD ./src/PHY/Lib/cmsis_lib/stm32f4xx/stm32f4xx_iwdg.o
LOAD ./src/PHY/Lib/cmsis_lib/stm32f4xx/stm32f4xx_pwr.o
LOAD ./src/PHY/Lib/cmsis_lib/stm32f4xx/stm32f4xx_rcc.o
LOAD ./src/PHY/Lib/cmsis_lib/stm32f4xx/stm32f4xx_rng.o
LOAD ./src/PHY/Lib/cmsis_lib/stm32f4xx/stm32f4xx_rtc.o
LOAD ./src/PHY/Lib/cmsis_lib/stm32f4xx/stm32f4xx_sdio.o
LOAD ./src/PHY/Lib/cmsis_lib/stm32f4xx/stm32f4xx_spi.o
LOAD ./src/PHY/Lib/cmsis_lib/stm32f4xx/stm32f4xx_syscfg.o
LOAD ./src/PHY/Lib/cmsis_lib/stm32f4xx/stm32f4xx_tim.o
LOAD ./src/PHY/Lib/cmsis_lib/stm32f4xx/stm32f4xx_usart.o
LOAD ./src/PHY/Lib/cmsis_lib/stm32f4xx/stm32f4xx_wwdg.o
LOAD ./src/OS/FreeRTOS_kernel/croutine.o
LOAD ./src/OS/FreeRTOS_kernel/event_groups.o
LOAD ./src/OS/FreeRTOS_kernel/heap_1.o
LOAD ./src/OS/FreeRTOS_kernel/list.o
LOAD ./src/OS/FreeRTOS_kernel/port.o
LOAD ./src/OS/FreeRTOS_kernel/queue.o
LOAD ./src/OS/FreeRTOS_kernel/tasks.o
LOAD ./src/OS/FreeRTOS_kernel/timers.o
LOAD ./src/MID/Signal/signal.o
LOAD ./src/MID/PostOffice/postoffice.o
LOAD ./src/MID/Performance Management/performancemanagement.o
LOAD ./src/MID/Monitor/monitor.o
LOAD ./src/MID/ConfigManagement/configmanagement.o
LOAD ./src/MID/main.o
START GROUP
LOAD /home/yama/GCCToolchain/arm-2013.11/bin/../lib/gcc/arm-none-eabi/4.8.1/thumb2/libgcc.a
LOAD /home/yama/GCCToolchain/arm-2013.11/bin/../lib/gcc/arm-none-eabi/4.8.1/../../../../arm-none-eabi/lib/thumb2/libc.a
END GROUP
LOAD /home/yama/GCCToolchain/arm-2013.11/bin/../lib/gcc/arm-none-eabi/4.8.1/thumb2/crtend.o
LOAD /home/yama/GCCToolchain/arm-2013.11/bin/../lib/gcc/arm-none-eabi/4.8.1/thumb2/crtn.o
                0x20020000                _eram = 0x20020000

.text           0x08000000     0x315c
 *(.isr_vector)
 .isr_vector    0x08000000      0x188 ./src/PHY/MCU/ARM/stm32f4xx/startup_stm32f4xx.o
                0x08000000                g_pfnVectors
 *(.text*)
 .text          0x08000188       0xc8 /home/yama/GCCToolchain/arm-2013.11/bin/../lib/gcc/arm-none-eabi/4.8.1/thumb2/crtbegin.o
 .text.TEM_initialize
                0x08000250       0xc4 ./src/PHY/Peripheral/ReadTemperature/temperature.o
                0x08000250                TEM_initialize
 .text.LCD1202_delay
                0x08000314       0x20 ./src/PHY/Peripheral/LCD1202/lcd1202.o
                0x08000314                LCD1202_delay
 .text.LCD1202_configurePin
                0x08000334       0x44 ./src/PHY/Peripheral/LCD1202/lcd1202.o
                0x08000334                LCD1202_configurePin
 .text.LCD1202_hightPowerPin
                0x08000378       0x20 ./src/PHY/Peripheral/LCD1202/lcd1202.o
                0x08000378                LCD1202_hightPowerPin
 .text.LCD1202_lowerPowerPin
                0x08000398       0x20 ./src/PHY/Peripheral/LCD1202/lcd1202.o
                0x08000398                LCD1202_lowerPowerPin
 .text.LCD1202_settingPinConnection
                0x080003b8       0xa8 ./src/PHY/Peripheral/LCD1202/lcd1202.o
                0x080003b8                LCD1202_settingPinConnection
 .text.LCD1202_transficData
                0x08000460       0x80 ./src/PHY/Peripheral/LCD1202/lcd1202.o
                0x08000460                LCD1202_transficData
 .text.LCD1202_sendData
                0x080004e0       0x2c ./src/PHY/Peripheral/LCD1202/lcd1202.o
                0x080004e0                LCD1202_sendData
 .text.LCD1202_sendCommand
                0x0800050c       0x2c ./src/PHY/Peripheral/LCD1202/lcd1202.o
                0x0800050c                LCD1202_sendCommand
 .text.LCD1202_initialize
                0x08000538       0xac ./src/PHY/Peripheral/LCD1202/lcd1202.o
                0x08000538                LCD1202_initialize
 .text.LCD1202_clearScreen
                0x080005e4       0x54 ./src/PHY/Peripheral/LCD1202/lcd1202.o
                0x080005e4                LCD1202_clearScreen
 .text.LCD1202_viewImageBitmap
                0x08000638       0x30 ./src/PHY/Peripheral/LCD1202/lcd1202.o
                0x08000638                LCD1202_viewImageBitmap
 .text.LCD1202_flush
                0x08000668       0x48 ./src/PHY/Peripheral/LCD1202/lcd1202.o
                0x08000668                LCD1202_flush
 .text.LCD1202_printText
                0x080006b0       0x6c ./src/PHY/Peripheral/LCD1202/lcd1202.o
                0x080006b0                LCD1202_printText
 .text.LCD1202_printNumberInterger
                0x0800071c      0x14c ./src/PHY/Peripheral/LCD1202/lcd1202.o
                0x0800071c                LCD1202_printNumberInterger
 .text.LCD1202_endLine
                0x08000868      0x180 ./src/PHY/Peripheral/LCD1202/lcd1202.o
                0x08000868                LCD1202_endLine
 .text.LF_setFontIsUse
                0x080009e8       0x54 ./src/PHY/Peripheral/LCD1202/lcd_font.o
                0x080009e8                LF_setFontIsUse
 .text.LF_printCharToLcdRam
                0x08000a3c       0xdc ./src/PHY/Peripheral/LCD1202/lcd_font.o
                0x08000a3c                LF_printCharToLcdRam
 .text.Delay_Ms
                0x08000b18       0x3c ./src/PHY/Peripheral/EthernetENC28J60/delay.o
                0x08000b18                Delay_Ms
 .text.Delay_us
                0x08000b54       0x24 ./src/PHY/Peripheral/EthernetENC28J60/delay.o
                0x08000b54                Delay_us
 .text.ENC28J60_SPI1_Configuration
                0x08000b78       0x68 ./src/PHY/Peripheral/EthernetENC28J60/enc28j60.o
                0x08000b78                ENC28J60_SPI1_Configuration
 .text.ENC28J60_GPIO_Configuration
                0x08000be0       0xb8 ./src/PHY/Peripheral/EthernetENC28J60/enc28j60.o
                0x08000be0                ENC28J60_GPIO_Configuration
 .text.ENC28J60_SendByte
                0x08000c98       0x60 ./src/PHY/Peripheral/EthernetENC28J60/enc28j60.o
                0x08000c98                ENC28J60_SendByte
 .text.enc28j60ReadOp
                0x08000cf8       0x70 ./src/PHY/Peripheral/EthernetENC28J60/enc28j60.o
                0x08000cf8                enc28j60ReadOp
 .text.enc28j60WriteOp
                0x08000d68       0x5c ./src/PHY/Peripheral/EthernetENC28J60/enc28j60.o
                0x08000d68                enc28j60WriteOp
 .text.enc28j60SetBank
                0x08000dc4       0x58 ./src/PHY/Peripheral/EthernetENC28J60/enc28j60.o
                0x08000dc4                enc28j60SetBank
 .text.enc28j60Read
                0x08000e1c       0x28 ./src/PHY/Peripheral/EthernetENC28J60/enc28j60.o
                0x08000e1c                enc28j60Read
 .text.enc28j60WriteWord
                0x08000e44       0x38 ./src/PHY/Peripheral/EthernetENC28J60/enc28j60.o
                0x08000e44                enc28j60WriteWord
 .text.enc28j60Write
                0x08000e7c       0x2c ./src/PHY/Peripheral/EthernetENC28J60/enc28j60.o
                0x08000e7c                enc28j60Write
 .text.enc28j60PhyWrite
                0x08000ea8       0x54 ./src/PHY/Peripheral/EthernetENC28J60/enc28j60.o
                0x08000ea8                enc28j60PhyWrite
 .text.enc28j60Init
                0x08000efc      0x148 ./src/PHY/Peripheral/EthernetENC28J60/enc28j60.o
                0x08000efc                enc28j60Init
 .text.DL_initialize
                0x08001044       0xdc ./src/PHY/Peripheral/DriveLed/DriverLed.o
                0x08001044                DL_initialize
 .text.Default_Reset_Handler
                0x08001120       0x60 ./src/PHY/MCU/ARM/stm32f4xx/startup_stm32f4xx.o
                0x08001120                Reset_Handler
                0x08001120                Default_Reset_Handler
 .text.Default_Handler
                0x08001180        0x8 ./src/PHY/MCU/ARM/stm32f4xx/startup_stm32f4xx.o
                0x08001180                RTC_Alarm_IRQHandler
                0x08001180                HASH_RNG_IRQHandler
                0x08001180                EXTI2_IRQHandler
                0x08001180                TIM8_CC_IRQHandler
                0x08001180                DebugMon_Handler
                0x08001180                TIM1_CC_IRQHandler
                0x08001180                DMA2_Stream5_IRQHandler
                0x08001180                HardFault_Handler
                0x08001180                DMA1_Stream5_IRQHandler
                0x08001180                PVD_IRQHandler
                0x08001180                SDIO_IRQHandler
                0x08001180                TAMP_STAMP_IRQHandler
                0x08001180                NMI_Handler
                0x08001180                CAN2_RX1_IRQHandler
                0x08001180                EXTI3_IRQHandler
                0x08001180                TIM8_TRG_COM_TIM14_IRQHandler
                0x08001180                TIM1_UP_TIM10_IRQHandler
                0x08001180                TIM8_UP_TIM13_IRQHandler
                0x08001180                I2C3_ER_IRQHandler
                0x08001180                EXTI0_IRQHandler
                0x08001180                I2C2_EV_IRQHandler
                0x08001180                DMA1_Stream2_IRQHandler
                0x08001180                CAN1_RX0_IRQHandler
                0x08001180                FPU_IRQHandler
                0x08001180                OTG_HS_WKUP_IRQHandler
                0x08001180                UsageFault_Handler
                0x08001180                CAN2_SCE_IRQHandler
                0x08001180                DMA2_Stream2_IRQHandler
                0x08001180                SPI1_IRQHandler
                0x08001180                TIM6_DAC_IRQHandler
                0x08001180                TIM1_BRK_TIM9_IRQHandler
                0x08001180                DCMI_IRQHandler
                0x08001180                CAN2_RX0_IRQHandler
                0x08001180                DMA2_Stream3_IRQHandler
                0x08001180                USART6_IRQHandler
                0x08001180                USART3_IRQHandler
                0x08001180                CRYP_IRQHandler
                0x08001180                CAN1_RX1_IRQHandler
                0x08001180                UART5_IRQHandler
                0x08001180                DMA2_Stream0_IRQHandler
                0x08001180                TIM4_IRQHandler
                0x08001180                I2C1_EV_IRQHandler
                0x08001180                DMA1_Stream6_IRQHandler
                0x08001180                DMA1_Stream1_IRQHandler
                0x08001180                UART4_IRQHandler
                0x08001180                TIM3_IRQHandler
                0x08001180                RCC_IRQHandler
                0x08001180                TIM8_BRK_TIM12_IRQHandler
                0x08001180                EXTI15_10_IRQHandler
                0x08001180                ADC_IRQHandler
                0x08001180                DMA1_Stream7_IRQHandler
                0x08001180                TIM7_IRQHandler
                0x08001180                CAN2_TX_IRQHandler
                0x08001180                TIM5_IRQHandler
                0x08001180                DMA2_Stream7_IRQHandler
                0x08001180                I2C3_EV_IRQHandler
                0x08001180                EXTI9_5_IRQHandler
                0x08001180                RTC_WKUP_IRQHandler
                0x08001180                ETH_WKUP_IRQHandler
                0x08001180                SPI2_IRQHandler
                0x08001180                OTG_HS_EP1_IN_IRQHandler
                0x08001180                MemManage_Handler
                0x08001180                DMA1_Stream0_IRQHandler
                0x08001180                CAN1_TX_IRQHandler
                0x08001180                EXTI4_IRQHandler
                0x08001180                FSMC_IRQHandler
                0x08001180                ETH_IRQHandler
                0x08001180                OTG_HS_EP1_OUT_IRQHandler
                0x08001180                WWDG_IRQHandler
                0x08001180                TIM2_IRQHandler
                0x08001180                OTG_FS_WKUP_IRQHandler
                0x08001180                TIM1_TRG_COM_TIM11_IRQHandler
                0x08001180                OTG_HS_IRQHandler
                0x08001180                EXTI1_IRQHandler
                0x08001180                USART2_IRQHandler
                0x08001180                I2C2_ER_IRQHandler
                0x08001180                DMA2_Stream1_IRQHandler
                0x08001180                CAN1_SCE_IRQHandler
                0x08001180                FLASH_IRQHandler
                0x08001180                DMA2_Stream4_IRQHandler
                0x08001180                BusFault_Handler
                0x08001180                USART1_IRQHandler
                0x08001180                OTG_FS_IRQHandler
                0x08001180                SPI3_IRQHandler
                0x08001180                DMA1_Stream4_IRQHandler
                0x08001180                I2C1_ER_IRQHandler
                0x08001180                DMA2_Stream6_IRQHandler
                0x08001180                DMA1_Stream3_IRQHandler
 .text.SystemInit
                0x08001188       0xac ./src/PHY/MCU/ARM/stm32f4xx/system_stm32f4xx.o
                0x08001188                SystemInit
 .text.SetSysClock
                0x08001234      0x17c ./src/PHY/MCU/ARM/stm32f4xx/system_stm32f4xx.o
 .text.ADC_DeInit
                0x080013b0       0x1c ./src/PHY/Lib/cmsis_lib/stm32f4xx/stm32f4xx_adc.o
                0x080013b0                ADC_DeInit
 .text.ADC_Init
                0x080013cc       0xac ./src/PHY/Lib/cmsis_lib/stm32f4xx/stm32f4xx_adc.o
                0x080013cc                ADC_Init
 .text.ADC_CommonInit
                0x08001478       0x58 ./src/PHY/Lib/cmsis_lib/stm32f4xx/stm32f4xx_adc.o
                0x08001478                ADC_CommonInit
 .text.ADC_Cmd  0x080014d0       0x38 ./src/PHY/Lib/cmsis_lib/stm32f4xx/stm32f4xx_adc.o
                0x080014d0                ADC_Cmd
 .text.ADC_TempSensorVrefintCmd
                0x08001508       0x4c ./src/PHY/Lib/cmsis_lib/stm32f4xx/stm32f4xx_adc.o
                0x08001508                ADC_TempSensorVrefintCmd
 .text.ADC_RegularChannelConfig
                0x08001554      0x188 ./src/PHY/Lib/cmsis_lib/stm32f4xx/stm32f4xx_adc.o
                0x08001554                ADC_RegularChannelConfig
 .text.GPIO_Init
                0x080016dc      0x11c ./src/PHY/Lib/cmsis_lib/stm32f4xx/stm32f4xx_gpio.o
                0x080016dc                GPIO_Init
 .text.GPIO_SetBits
                0x080017f8       0x1c ./src/PHY/Lib/cmsis_lib/stm32f4xx/stm32f4xx_gpio.o
                0x080017f8                GPIO_SetBits
 .text.GPIO_ResetBits
                0x08001814       0x1c ./src/PHY/Lib/cmsis_lib/stm32f4xx/stm32f4xx_gpio.o
                0x08001814                GPIO_ResetBits
 .text.GPIO_PinAFConfig
                0x08001830       0x8c ./src/PHY/Lib/cmsis_lib/stm32f4xx/stm32f4xx_gpio.o
                0x08001830                GPIO_PinAFConfig
 .text.RCC_AHB1PeriphClockCmd
                0x080018bc       0x50 ./src/PHY/Lib/cmsis_lib/stm32f4xx/stm32f4xx_rcc.o
                0x080018bc                RCC_AHB1PeriphClockCmd
 .text.RCC_APB1PeriphClockCmd
                0x0800190c       0x50 ./src/PHY/Lib/cmsis_lib/stm32f4xx/stm32f4xx_rcc.o
                0x0800190c                RCC_APB1PeriphClockCmd
 .text.RCC_APB2PeriphClockCmd
                0x0800195c       0x50 ./src/PHY/Lib/cmsis_lib/stm32f4xx/stm32f4xx_rcc.o
                0x0800195c                RCC_APB2PeriphClockCmd
 .text.RCC_APB1PeriphResetCmd
                0x080019ac       0x50 ./src/PHY/Lib/cmsis_lib/stm32f4xx/stm32f4xx_rcc.o
                0x080019ac                RCC_APB1PeriphResetCmd
 .text.RCC_APB2PeriphResetCmd
                0x080019fc       0x50 ./src/PHY/Lib/cmsis_lib/stm32f4xx/stm32f4xx_rcc.o
                0x080019fc                RCC_APB2PeriphResetCmd
 .text.SPI_I2S_DeInit
                0x08001a4c       0x78 ./src/PHY/Lib/cmsis_lib/stm32f4xx/stm32f4xx_spi.o
                0x08001a4c                SPI_I2S_DeInit
 .text.SPI_Init
                0x08001ac4       0x88 ./src/PHY/Lib/cmsis_lib/stm32f4xx/stm32f4xx_spi.o
                0x08001ac4                SPI_Init
 .text.SPI_Cmd  0x08001b4c       0x40 ./src/PHY/Lib/cmsis_lib/stm32f4xx/stm32f4xx_spi.o
                0x08001b4c                SPI_Cmd
 .text.SPI_I2S_ReceiveData
                0x08001b8c       0x1c ./src/PHY/Lib/cmsis_lib/stm32f4xx/stm32f4xx_spi.o
                0x08001b8c                SPI_I2S_ReceiveData
 .text.SPI_I2S_SendData
                0x08001ba8       0x1c ./src/PHY/Lib/cmsis_lib/stm32f4xx/stm32f4xx_spi.o
                0x08001ba8                SPI_I2S_SendData
 .text.SPI_I2S_GetFlagStatus
                0x08001bc4       0x38 ./src/PHY/Lib/cmsis_lib/stm32f4xx/stm32f4xx_spi.o
                0x08001bc4                SPI_I2S_GetFlagStatus
 .text.TIM_TimeBaseInit
                0x08001bfc       0xec ./src/PHY/Lib/cmsis_lib/stm32f4xx/stm32f4xx_tim.o
                0x08001bfc                TIM_TimeBaseInit
 .text.TIM_Cmd  0x08001ce8       0x40 ./src/PHY/Lib/cmsis_lib/stm32f4xx/stm32f4xx_tim.o
                0x08001ce8                TIM_Cmd
 .text.vListInsertEnd
                0x08001d28       0x48 ./src/OS/FreeRTOS_kernel/list.o
                0x08001d28                vListInsertEnd
 .text.uxListRemove
                0x08001d70       0x54 ./src/OS/FreeRTOS_kernel/list.o
                0x08001d70                uxListRemove
 *fill*         0x08001dc4        0xc 
 .text.SVC_Handler
                0x08001dd0       0x30 ./src/OS/FreeRTOS_kernel/port.o
                0x08001dd0                SVC_Handler
 .text.PendSV_Handler
                0x08001e00       0x70 ./src/OS/FreeRTOS_kernel/port.o
                0x08001e00                PendSV_Handler
 .text.SysTick_Handler
                0x08001e70       0x40 ./src/OS/FreeRTOS_kernel/port.o
                0x08001e70                SysTick_Handler
 .text.xTaskIncrementTick
                0x08001eb0      0x1dc ./src/OS/FreeRTOS_kernel/tasks.o
                0x08001eb0                xTaskIncrementTick
 .text.vTaskSwitchContext
                0x0800208c       0xc8 ./src/OS/FreeRTOS_kernel/tasks.o
                0x0800208c                vTaskSwitchContext
 .text.prvResetNextTaskUnblockTime
                0x08002154       0x58 ./src/OS/FreeRTOS_kernel/tasks.o
 .text.MNT_initialize
                0x080021ac       0x10 ./src/MID/Monitor/monitor.o
                0x080021ac                MNT_initialize
 .text.MNT_printBorder
                0x080021bc      0x424 ./src/MID/Monitor/monitor.o
                0x080021bc                MNT_printBorder
 .text.main     0x080025e0       0x98 ./src/MID/main.o
                0x080025e0                main
 .text          0x08002678       0x38 /home/yama/GCCToolchain/arm-2013.11/bin/../lib/gcc/arm-none-eabi/4.8.1/thumb2/libgcc.a(_aeabi_ldivmod.o)
                0x08002678                __aeabi_ldivmod
 .text          0x080026b0       0x60 /home/yama/GCCToolchain/arm-2013.11/bin/../lib/gcc/arm-none-eabi/4.8.1/thumb2/libgcc.a(bpabi.o)
                0x080026b0                __gnu_ldivmod_helper
                0x080026e0                __gnu_uldivmod_helper
 .text          0x08002710        0x4 /home/yama/GCCToolchain/arm-2013.11/bin/../lib/gcc/arm-none-eabi/4.8.1/thumb2/libgcc.a(_dvmd_tls.o)
                0x08002710                __aeabi_ldiv0
                0x08002710                __aeabi_idiv0
 .text          0x08002714      0x354 /home/yama/GCCToolchain/arm-2013.11/bin/../lib/gcc/arm-none-eabi/4.8.1/thumb2/libgcc.a(_divdi3.o)
                0x08002714                __divdi3
 .text          0x08002a68      0x300 /home/yama/GCCToolchain/arm-2013.11/bin/../lib/gcc/arm-none-eabi/4.8.1/thumb2/libgcc.a(_udivdi3.o)
                0x08002a68                __udivdi3
 .text          0x08002d68      0x278 /home/yama/GCCToolchain/arm-2013.11/bin/../lib/gcc/arm-none-eabi/4.8.1/thumb2/libgcc.a(_udivsi3.o)
                0x08002d68                __udivsi3
                0x08002d68                __aeabi_uidiv
                0x08002fc4                __aeabi_uidivmod
 .text          0x08002fe0       0x60 /home/yama/GCCToolchain/arm-2013.11/bin/../lib/gcc/arm-none-eabi/4.8.1/../../../../arm-none-eabi/lib/thumb2/libc.a(lib_a-strlen.o)
                0x08002fe0                strlen
 *(.init)
 .init          0x08003040        0x4 /home/yama/GCCToolchain/arm-2013.11/bin/../lib/gcc/arm-none-eabi/4.8.1/thumb2/crti.o
                0x08003040                _init
 .init          0x08003044        0x8 /home/yama/GCCToolchain/arm-2013.11/bin/../lib/gcc/arm-none-eabi/4.8.1/thumb2/crtn.o
 *(.fini)
 .fini          0x0800304c        0x4 /home/yama/GCCToolchain/arm-2013.11/bin/../lib/gcc/arm-none-eabi/4.8.1/thumb2/crti.o
                0x0800304c                _fini
 .fini          0x08003050        0x8 /home/yama/GCCToolchain/arm-2013.11/bin/../lib/gcc/arm-none-eabi/4.8.1/thumb2/crtn.o
 *crtbegin.o(.ctors)
 *crtbegin?.o(.ctors)
 *(EXCLUDE_FILE(*crtend.o *crtend?.o) .ctors)
 *(SORT(.ctors.*))
 *(.ctors)
 *crtbegin.o(.dtors)
 *crtbegin?.o(.dtors)
 *(EXCLUDE_FILE(*crtend.o *crtend?.o) .dtors)
 *(SORT(.dtors.*))
 *(.dtors)
 *(.rodata*)
 .rodata        0x08003058        0x4 ./src/PHY/Peripheral/LCD1202/lcd1202.o
 .rodata        0x0800305c       0x3c ./src/PHY/Peripheral/DriveLed/DriverLed.o
 .rodata        0x08003098       0xb4 ./src/MID/Monitor/monitor.o
 .rodata        0x0800314c       0x10 ./src/MID/main.o
 *(.eh_fram e*)

.eh_frame       0x0800315c        0x0
 .eh_frame      0x0800315c        0x0 /home/yama/GCCToolchain/arm-2013.11/bin/../lib/gcc/arm-none-eabi/4.8.1/thumb2/crtbegin.o

.glue_7         0x0800315c        0x0
 .glue_7        0x00000000        0x0 linker stubs

.glue_7t        0x0800315c        0x0
 .glue_7t       0x00000000        0x0 linker stubs

.vfp11_veneer   0x0800315c        0x0
 .vfp11_veneer  0x00000000        0x0 linker stubs

.v4_bx          0x0800315c        0x0
 .v4_bx         0x00000000        0x0 linker stubs

.iplt           0x0800315c        0x0
 .iplt          0x00000000        0x0 /home/yama/GCCToolchain/arm-2013.11/bin/../lib/gcc/arm-none-eabi/4.8.1/thumb2/crtbegin.o

.ARM.extab
 *(.ARM.extab* .gnu.linkonce.armextab.*)
                0x0800315c                __exidx_start = .

.ARM.exidx      0x0800315c        0x8
 *(.ARM.exidx* .gnu.linkonce.armexidx.*)
 .ARM.exidx     0x0800315c        0x8 /home/yama/GCCToolchain/arm-2013.11/bin/../lib/gcc/arm-none-eabi/4.8.1/thumb2/libgcc.a(_divdi3.o)
 .ARM.exidx     0x08003164        0x0 /home/yama/GCCToolchain/arm-2013.11/bin/../lib/gcc/arm-none-eabi/4.8.1/thumb2/libgcc.a(_udivdi3.o)
                                  0x8 (size before relaxing)
                0x08003164                __exidx_end = .
                0x08003164                __etext = .
                0x08003164                _sidata = __etext

.rel.dyn        0x08003164        0x0
 .rel.iplt      0x00000000        0x0 /home/yama/GCCToolchain/arm-2013.11/bin/../lib/gcc/arm-none-eabi/4.8.1/thumb2/crtbegin.o

.data           0x20000000      0x54c load address 0x08003164
                0x20000000                __data_start__ = .
                0x20000000                _sdata = __data_start__
 *(vtable)
 *(.data*)
 .data.gFontFullYama
                0x20000000      0x1e0 ./src/PHY/Peripheral/LCD1202/lcd_fontresource.o
                0x20000000                gFontFullYama
 .data.gLogo    0x200001e0      0x360 ./src/PHY/Peripheral/LCD1202/lcd_logo.o
                0x200001e0                gLogo
                0x20000540                . = ALIGN (0x4)
                0x20000540                PROVIDE (__preinit_array_start, .)
 *(.preinit_array)
                0x20000540                PROVIDE (__preinit_array_end, .)
                0x20000540                . = ALIGN (0x4)
                0x20000540                PROVIDE (__init_array_start, .)
 *(SORT(.init_array.*))
 *(.init_array)
 .init_array    0x20000540        0x4 /home/yama/GCCToolchain/arm-2013.11/bin/../lib/gcc/arm-none-eabi/4.8.1/thumb2/crtbegin.o
                0x20000544                PROVIDE (__init_array_end, .)
                0x20000544                . = ALIGN (0x4)
                0x20000544                PROVIDE (__fini_array_start, .)
 *(SORT(.fini_array.*))
 *(.fini_array)
 .fini_array    0x20000544        0x4 /home/yama/GCCToolchain/arm-2013.11/bin/../lib/gcc/arm-none-eabi/4.8.1/thumb2/crtbegin.o
                0x20000548                PROVIDE (__fini_array_end, .)
 *(.jcr*)
 .jcr           0x20000548        0x0 /home/yama/GCCToolchain/arm-2013.11/bin/../lib/gcc/arm-none-eabi/4.8.1/thumb2/crtbegin.o
 .jcr           0x20000548        0x4 /home/yama/GCCToolchain/arm-2013.11/bin/../lib/gcc/arm-none-eabi/4.8.1/thumb2/crtend.o
                0x2000054c                . = ALIGN (0x4)
                0x2000054c                __data_end__ = .
                0x2000054c                _edata = __data_end__

.tm_clone_table
                0x2000054c        0x0 load address 0x080036b0
 .tm_clone_table
                0x2000054c        0x0 /home/yama/GCCToolchain/arm-2013.11/bin/../lib/gcc/arm-none-eabi/4.8.1/thumb2/crtbegin.o
 .tm_clone_table
                0x2000054c        0x0 /home/yama/GCCToolchain/arm-2013.11/bin/../lib/gcc/arm-none-eabi/4.8.1/thumb2/crtend.o

.igot.plt       0x2000054c        0x0 load address 0x080036b0
 .igot.plt      0x00000000        0x0 /home/yama/GCCToolchain/arm-2013.11/bin/../lib/gcc/arm-none-eabi/4.8.1/thumb2/crtbegin.o

.bss            0x2000054c      0x490 load address 0x080036b0
                0x2000054c                . = ALIGN (0x4)
                0x2000054c                __bss_start__ = .
                0x2000054c                _sbss = __bss_start__
 *(.bss*)
 .bss           0x2000054c       0x1c /home/yama/GCCToolchain/arm-2013.11/bin/../lib/gcc/arm-none-eabi/4.8.1/thumb2/crtbegin.o
 .bss.Enc28j60Bank
                0x20000568        0x1 ./src/PHY/Peripheral/EthernetENC28J60/enc28j60.o
 *fill*         0x20000569        0x1 
 .bss.gNextPacketPtr
                0x2000056a        0x2 ./src/PHY/Peripheral/EthernetENC28J60/enc28j60.o
 .bss.erxfcon   0x2000056c        0x1 ./src/PHY/Peripheral/EthernetENC28J60/enc28j60.o
 *fill*         0x2000056d        0x3 
 .bss.pxCurrentTCB
                0x20000570        0x4 ./src/OS/FreeRTOS_kernel/tasks.o
                0x20000570                pxCurrentTCB
 .bss.pxReadyTasksLists
                0x20000574       0x64 ./src/OS/FreeRTOS_kernel/tasks.o
 .bss.pxDelayedTaskList
                0x200005d8        0x4 ./src/OS/FreeRTOS_kernel/tasks.o
 .bss.pxOverflowDelayedTaskList
                0x200005dc        0x4 ./src/OS/FreeRTOS_kernel/tasks.o
 .bss.xTickCount
                0x200005e0        0x4 ./src/OS/FreeRTOS_kernel/tasks.o
 .bss.uxTopReadyPriority
                0x200005e4        0x4 ./src/OS/FreeRTOS_kernel/tasks.o
 .bss.uxPendedTicks
                0x200005e8        0x4 ./src/OS/FreeRTOS_kernel/tasks.o
 .bss.xYieldPending
                0x200005ec        0x4 ./src/OS/FreeRTOS_kernel/tasks.o
 .bss.xNumOfOverflows
                0x200005f0        0x4 ./src/OS/FreeRTOS_kernel/tasks.o
 .bss.xNextTaskUnblockTime
                0x200005f4        0x4 ./src/OS/FreeRTOS_kernel/tasks.o
 .bss.uxSchedulerSuspended
                0x200005f8        0x4 ./src/OS/FreeRTOS_kernel/tasks.o
 *(COMMON)
 COMMON         0x200005fc        0x4 ./src/PHY/Peripheral/ReadTemperature/temperature.o
                0x200005fc                gCurrentTemperatureC
                0x200005fe                gCurrentTemperatureF
 COMMON         0x20000600      0x364 ./src/PHY/Peripheral/LCD1202/lcd1202.o
                0x20000600                gLcd1202Ram
                0x20000960                gLcd1202CurrentOffset
 COMMON         0x20000964       0x10 ./src/PHY/Peripheral/LCD1202/lcd_font.o
                0x20000964                gCurrentFont
 COMMON         0x20000974        0x4 ./src/PHY/Peripheral/EthernetENC28J60/delay.o
                0x20000974                TimingDelay
 COMMON         0x20000978        0x4 ./src/PHY/Peripheral/DriveLed/DriverLed.o
                0x20000978                gLedStatus
 COMMON         0x2000097c       0x60 ./src/MID/Performance Management/performancemanagement.o
                0x2000097c                gTimeCount
                0x2000098c                gPIDTask
                0x200009dc                . = ALIGN (0x4)
                0x200009dc                __bss_end__ = .
                0x200009dc                _ebss = __bss_end__

.heap           0x200009dc        0x0
                0x200009dc                __end__ = .
                0x200009dc                _end = __end__
                0x200009dc                end = __end__
 *(.heap*)
                0x200009dc                __HeapLimit = .

.co_stack       0x200009dc      0x804 load address 0x08003b40
                0x200009e0                . = ALIGN (0x8)
 *fill*         0x200009dc        0x4 
 *(.co_stack .co_stack.*)
 .co_stack      0x200009e0      0x800 ./src/PHY/MCU/ARM/stm32f4xx/startup_stm32f4xx.o
                0x200009e0                pulStack
                0x20020000                __StackTop = (ORIGIN (SRAM) + 0x20000)
                0x2001f7fc                __StackLimit = (__StackTop - SIZEOF (.co_stack))
                0x20020000                PROVIDE (__stack, __StackTop)
                0x00000001                ASSERT ((__StackLimit >= __HeapLimit), region ram  overflowed with stack)
OUTPUT(WorkStation.elf elf32-littlearm)

.ARM.attributes
                0x00000000       0x35
 .ARM.attributes
                0x00000000       0x19 /home/yama/GCCToolchain/arm-2013.11/bin/../lib/gcc/arm-none-eabi/4.8.1/thumb2/crti.o
 .ARM.attributes
                0x00000019       0x29 /home/yama/GCCToolchain/arm-2013.11/bin/../lib/gcc/arm-none-eabi/4.8.1/thumb2/crtbegin.o
 .ARM.attributes
                0x00000042       0x37 ./src/PHY/Peripheral/ReadTemperature/temperature.o
 .ARM.attributes
                0x00000079       0x37 ./src/PHY/Peripheral/LCD1202/lcd1202.o
 .ARM.attributes
                0x000000b0       0x37 ./src/PHY/Peripheral/LCD1202/lcd_font.o
 .ARM.attributes
                0x000000e7       0x37 ./src/PHY/Peripheral/LCD1202/lcd_fontresource.o
 .ARM.attributes
                0x0000011e       0x37 ./src/PHY/Peripheral/LCD1202/lcd_logo.o
 .ARM.attributes
                0x00000155       0x37 ./src/PHY/Peripheral/EthernetENC28J60/delay.o
 .ARM.attributes
                0x0000018c       0x37 ./src/PHY/Peripheral/EthernetENC28J60/enc28j60.o
 .ARM.attributes
                0x000001c3       0x37 ./src/PHY/Peripheral/DriveLed/DriverLed.o
 .ARM.attributes
                0x000001fa       0x37 ./src/PHY/MCU/ARM/stm32f4xx/startup_stm32f4xx.o
 .ARM.attributes
                0x00000231       0x37 ./src/PHY/MCU/ARM/stm32f4xx/system_stm32f4xx.o
 .ARM.attributes
                0x00000268       0x37 ./src/PHY/Lib/cmsis_lib/stm32f4xx/stm32f4xx_adc.o
 .ARM.attributes
                0x0000029f       0x37 ./src/PHY/Lib/cmsis_lib/stm32f4xx/stm32f4xx_gpio.o
 .ARM.attributes
                0x000002d6       0x37 ./src/PHY/Lib/cmsis_lib/stm32f4xx/stm32f4xx_rcc.o
 .ARM.attributes
                0x0000030d       0x37 ./src/PHY/Lib/cmsis_lib/stm32f4xx/stm32f4xx_spi.o
 .ARM.attributes
                0x00000344       0x37 ./src/PHY/Lib/cmsis_lib/stm32f4xx/stm32f4xx_tim.o
 .ARM.attributes
                0x0000037b       0x37 ./src/OS/FreeRTOS_kernel/list.o
 .ARM.attributes
                0x000003b2       0x37 ./src/OS/FreeRTOS_kernel/port.o
 .ARM.attributes
                0x000003e9       0x37 ./src/OS/FreeRTOS_kernel/tasks.o
 .ARM.attributes
                0x00000420       0x37 ./src/MID/Performance Management/performancemanagement.o
 .ARM.attributes
                0x00000457       0x37 ./src/MID/Monitor/monitor.o
 .ARM.attributes
                0x0000048e       0x37 ./src/MID/main.o
 .ARM.attributes
                0x000004c5       0x19 /home/yama/GCCToolchain/arm-2013.11/bin/../lib/gcc/arm-none-eabi/4.8.1/thumb2/libgcc.a(_aeabi_ldivmod.o)
 .ARM.attributes
                0x000004de       0x29 /home/yama/GCCToolchain/arm-2013.11/bin/../lib/gcc/arm-none-eabi/4.8.1/thumb2/libgcc.a(bpabi.o)
 .ARM.attributes
                0x00000507       0x19 /home/yama/GCCToolchain/arm-2013.11/bin/../lib/gcc/arm-none-eabi/4.8.1/thumb2/libgcc.a(_dvmd_tls.o)
 .ARM.attributes
                0x00000520       0x29 /home/yama/GCCToolchain/arm-2013.11/bin/../lib/gcc/arm-none-eabi/4.8.1/thumb2/libgcc.a(_divdi3.o)
 .ARM.attributes
                0x00000549       0x29 /home/yama/GCCToolchain/arm-2013.11/bin/../lib/gcc/arm-none-eabi/4.8.1/thumb2/libgcc.a(_udivdi3.o)
 .ARM.attributes
                0x00000572       0x19 /home/yama/GCCToolchain/arm-2013.11/bin/../lib/gcc/arm-none-eabi/4.8.1/thumb2/libgcc.a(_udivsi3.o)
 .ARM.attributes
                0x0000058b       0x29 /home/yama/GCCToolchain/arm-2013.11/bin/../lib/gcc/arm-none-eabi/4.8.1/../../../../arm-none-eabi/lib/thumb2/libc.a(lib_a-strlen.o)
 .ARM.attributes
                0x000005b4       0x29 /home/yama/GCCToolchain/arm-2013.11/bin/../lib/gcc/arm-none-eabi/4.8.1/thumb2/crtend.o
 .ARM.attributes
                0x000005dd       0x19 /home/yama/GCCToolchain/arm-2013.11/bin/../lib/gcc/arm-none-eabi/4.8.1/thumb2/crtn.o

.comment        0x00000000       0x30
 .comment       0x00000000       0x30 ./src/PHY/Peripheral/ReadTemperature/temperature.o
                                 0x31 (size before relaxing)
 .comment       0x00000000       0x31 ./src/PHY/Peripheral/LCD1202/lcd1202.o
 .comment       0x00000000       0x31 ./src/PHY/Peripheral/LCD1202/lcd_font.o
 .comment       0x00000000       0x31 ./src/PHY/Peripheral/LCD1202/lcd_fontresource.o
 .comment       0x00000000       0x31 ./src/PHY/Peripheral/LCD1202/lcd_logo.o
 .comment       0x00000000       0x31 ./src/PHY/Peripheral/EthernetENC28J60/delay.o
 .comment       0x00000000       0x31 ./src/PHY/Peripheral/EthernetENC28J60/enc28j60.o
 .comment       0x00000000       0x31 ./src/PHY/Peripheral/DriveLed/DriverLed.o
 .comment       0x00000000       0x31 ./src/PHY/MCU/ARM/stm32f4xx/startup_stm32f4xx.o
 .comment       0x00000000       0x31 ./src/PHY/MCU/ARM/stm32f4xx/system_stm32f4xx.o
 .comment       0x00000000       0x31 ./src/PHY/Lib/cmsis_lib/stm32f4xx/stm32f4xx_adc.o
 .comment       0x00000000       0x31 ./src/PHY/Lib/cmsis_lib/stm32f4xx/stm32f4xx_gpio.o
 .comment       0x00000000       0x31 ./src/PHY/Lib/cmsis_lib/stm32f4xx/stm32f4xx_rcc.o
 .comment       0x00000000       0x31 ./src/PHY/Lib/cmsis_lib/stm32f4xx/stm32f4xx_spi.o
 .comment       0x00000000       0x31 ./src/PHY/Lib/cmsis_lib/stm32f4xx/stm32f4xx_tim.o
 .comment       0x00000000       0x31 ./src/OS/FreeRTOS_kernel/list.o
 .comment       0x00000000       0x31 ./src/OS/FreeRTOS_kernel/port.o
 .comment       0x00000000       0x31 ./src/OS/FreeRTOS_kernel/tasks.o
 .comment       0x00000000       0x31 ./src/MID/Performance Management/performancemanagement.o
 .comment       0x00000000       0x31 ./src/MID/Monitor/monitor.o
 .comment       0x00000000       0x31 ./src/MID/main.o

.debug_info     0x00000000     0x91a4
 .debug_info    0x00000000      0x59c ./src/PHY/Peripheral/ReadTemperature/temperature.o
 .debug_info    0x0000059c      0x67d ./src/PHY/Peripheral/LCD1202/lcd1202.o
 .debug_info    0x00000c19      0x1b2 ./src/PHY/Peripheral/LCD1202/lcd_font.o
 .debug_info    0x00000dcb       0xbf ./src/PHY/Peripheral/LCD1202/lcd_fontresource.o
 .debug_info    0x00000e8a       0xbf ./src/PHY/Peripheral/LCD1202/lcd_logo.o
 .debug_info    0x00000f49      0x14b ./src/PHY/Peripheral/EthernetENC28J60/delay.o
 .debug_info    0x00001094      0x848 ./src/PHY/Peripheral/EthernetENC28J60/enc28j60.o
 .debug_info    0x000018dc      0x32e ./src/PHY/Peripheral/DriveLed/DriverLed.o
 .debug_info    0x00001c0a       0xf5 ./src/PHY/MCU/ARM/stm32f4xx/startup_stm32f4xx.o
 .debug_info    0x00001cff      0x56e ./src/PHY/MCU/ARM/stm32f4xx/system_stm32f4xx.o
 .debug_info    0x0000226d      0xc14 ./src/PHY/Lib/cmsis_lib/stm32f4xx/stm32f4xx_adc.o
 .debug_info    0x00002e81      0x5de ./src/PHY/Lib/cmsis_lib/stm32f4xx/stm32f4xx_gpio.o
 .debug_info    0x0000345f      0xc29 ./src/PHY/Lib/cmsis_lib/stm32f4xx/stm32f4xx_rcc.o
 .debug_info    0x00004088      0xae3 ./src/PHY/Lib/cmsis_lib/stm32f4xx/stm32f4xx_spi.o
 .debug_info    0x00004b6b     0x1c3d ./src/PHY/Lib/cmsis_lib/stm32f4xx/stm32f4xx_tim.o
 .debug_info    0x000067a8      0x2b6 ./src/OS/FreeRTOS_kernel/list.o
 .debug_info    0x00006a5e      0x50d ./src/OS/FreeRTOS_kernel/port.o
 .debug_info    0x00006f6b     0x1da9 ./src/OS/FreeRTOS_kernel/tasks.o
 .debug_info    0x00008d14      0x139 ./src/MID/Performance Management/performancemanagement.o
 .debug_info    0x00008e4d      0x250 ./src/MID/Monitor/monitor.o
 .debug_info    0x0000909d      0x107 ./src/MID/main.o

.debug_abbrev   0x00000000     0x1b1b
 .debug_abbrev  0x00000000       0xff ./src/PHY/Peripheral/ReadTemperature/temperature.o
 .debug_abbrev  0x000000ff      0x204 ./src/PHY/Peripheral/LCD1202/lcd1202.o
 .debug_abbrev  0x00000303      0x101 ./src/PHY/Peripheral/LCD1202/lcd_font.o
 .debug_abbrev  0x00000404       0x71 ./src/PHY/Peripheral/LCD1202/lcd_fontresource.o
 .debug_abbrev  0x00000475       0x71 ./src/PHY/Peripheral/LCD1202/lcd_logo.o
 .debug_abbrev  0x000004e6       0xbe ./src/PHY/Peripheral/EthernetENC28J60/delay.o
 .debug_abbrev  0x000005a4      0x222 ./src/PHY/Peripheral/EthernetENC28J60/enc28j60.o
 .debug_abbrev  0x000007c6      0x14d ./src/PHY/Peripheral/DriveLed/DriverLed.o
 .debug_abbrev  0x00000913       0xb5 ./src/PHY/MCU/ARM/stm32f4xx/startup_stm32f4xx.o
 .debug_abbrev  0x000009c8      0x13b ./src/PHY/MCU/ARM/stm32f4xx/system_stm32f4xx.o
 .debug_abbrev  0x00000b03      0x19b ./src/PHY/Lib/cmsis_lib/stm32f4xx/stm32f4xx_adc.o
 .debug_abbrev  0x00000c9e      0x1a8 ./src/PHY/Lib/cmsis_lib/stm32f4xx/stm32f4xx_gpio.o
 .debug_abbrev  0x00000e46      0x1e8 ./src/PHY/Lib/cmsis_lib/stm32f4xx/stm32f4xx_rcc.o
 .debug_abbrev  0x0000102e      0x16c ./src/PHY/Lib/cmsis_lib/stm32f4xx/stm32f4xx_spi.o
 .debug_abbrev  0x0000119a      0x18c ./src/PHY/Lib/cmsis_lib/stm32f4xx/stm32f4xx_tim.o
 .debug_abbrev  0x00001326       0xdb ./src/OS/FreeRTOS_kernel/list.o
 .debug_abbrev  0x00001401      0x1e0 ./src/OS/FreeRTOS_kernel/port.o
 .debug_abbrev  0x000015e1      0x2cc ./src/OS/FreeRTOS_kernel/tasks.o
 .debug_abbrev  0x000018ad       0xae ./src/MID/Performance Management/performancemanagement.o
 .debug_abbrev  0x0000195b      0x124 ./src/MID/Monitor/monitor.o
 .debug_abbrev  0x00001a7f       0x9c ./src/MID/main.o

.debug_aranges  0x00000000      0xcf8
 .debug_aranges
                0x00000000       0x28 ./src/PHY/Peripheral/ReadTemperature/temperature.o
 .debug_aranges
                0x00000028       0x98 ./src/PHY/Peripheral/LCD1202/lcd1202.o
 .debug_aranges
                0x000000c0       0x28 ./src/PHY/Peripheral/LCD1202/lcd_font.o
 .debug_aranges
                0x000000e8       0x18 ./src/PHY/Peripheral/LCD1202/lcd_fontresource.o
 .debug_aranges
                0x00000100       0x18 ./src/PHY/Peripheral/LCD1202/lcd_logo.o
 .debug_aranges
                0x00000118       0x40 ./src/PHY/Peripheral/EthernetENC28J60/delay.o
 .debug_aranges
                0x00000158       0xe8 ./src/PHY/Peripheral/EthernetENC28J60/enc28j60.o
 .debug_aranges
                0x00000240       0x30 ./src/PHY/Peripheral/DriveLed/DriverLed.o
 .debug_aranges
                0x00000270       0x28 ./src/PHY/MCU/ARM/stm32f4xx/startup_stm32f4xx.o
 .debug_aranges
                0x00000298       0x30 ./src/PHY/MCU/ARM/stm32f4xx/system_stm32f4xx.o
 .debug_aranges
                0x000002c8      0x148 ./src/PHY/Lib/cmsis_lib/stm32f4xx/stm32f4xx_adc.o
 .debug_aranges
                0x00000410       0x88 ./src/PHY/Lib/cmsis_lib/stm32f4xx/stm32f4xx_gpio.o
 .debug_aranges
                0x00000498      0x178 ./src/PHY/Lib/cmsis_lib/stm32f4xx/stm32f4xx_rcc.o
 .debug_aranges
                0x00000610       0xe0 ./src/PHY/Lib/cmsis_lib/stm32f4xx/stm32f4xx_spi.o
 .debug_aranges
                0x000006f0      0x2f8 ./src/PHY/Lib/cmsis_lib/stm32f4xx/stm32f4xx_tim.o
 .debug_aranges
                0x000009e8       0x40 ./src/OS/FreeRTOS_kernel/list.o
 .debug_aranges
                0x00000a28       0x80 ./src/OS/FreeRTOS_kernel/port.o
 .debug_aranges
                0x00000aa8      0x1d8 ./src/OS/FreeRTOS_kernel/tasks.o
 .debug_aranges
                0x00000c80       0x20 ./src/MID/Performance Management/performancemanagement.o
 .debug_aranges
                0x00000ca0       0x38 ./src/MID/Monitor/monitor.o
 .debug_aranges
                0x00000cd8       0x20 ./src/MID/main.o

.debug_ranges   0x00000000      0xb98
 .debug_ranges  0x00000000       0x18 ./src/PHY/Peripheral/ReadTemperature/temperature.o
 .debug_ranges  0x00000018       0x88 ./src/PHY/Peripheral/LCD1202/lcd1202.o
 .debug_ranges  0x000000a0       0x18 ./src/PHY/Peripheral/LCD1202/lcd_font.o
 .debug_ranges  0x000000b8       0x30 ./src/PHY/Peripheral/EthernetENC28J60/delay.o
 .debug_ranges  0x000000e8       0xd8 ./src/PHY/Peripheral/EthernetENC28J60/enc28j60.o
 .debug_ranges  0x000001c0       0x20 ./src/PHY/Peripheral/DriveLed/DriverLed.o
 .debug_ranges  0x000001e0       0x18 ./src/PHY/MCU/ARM/stm32f4xx/startup_stm32f4xx.o
 .debug_ranges  0x000001f8       0x20 ./src/PHY/MCU/ARM/stm32f4xx/system_stm32f4xx.o
 .debug_ranges  0x00000218      0x138 ./src/PHY/Lib/cmsis_lib/stm32f4xx/stm32f4xx_adc.o
 .debug_ranges  0x00000350       0x78 ./src/PHY/Lib/cmsis_lib/stm32f4xx/stm32f4xx_gpio.o
 .debug_ranges  0x000003c8      0x168 ./src/PHY/Lib/cmsis_lib/stm32f4xx/stm32f4xx_rcc.o
 .debug_ranges  0x00000530       0xd0 ./src/PHY/Lib/cmsis_lib/stm32f4xx/stm32f4xx_spi.o
 .debug_ranges  0x00000600      0x2e8 ./src/PHY/Lib/cmsis_lib/stm32f4xx/stm32f4xx_tim.o
 .debug_ranges  0x000008e8       0x30 ./src/OS/FreeRTOS_kernel/list.o
 .debug_ranges  0x00000918       0x70 ./src/OS/FreeRTOS_kernel/port.o
 .debug_ranges  0x00000988      0x1c8 ./src/OS/FreeRTOS_kernel/tasks.o
 .debug_ranges  0x00000b50       0x10 ./src/MID/Performance Management/performancemanagement.o
 .debug_ranges  0x00000b60       0x28 ./src/MID/Monitor/monitor.o
 .debug_ranges  0x00000b88       0x10 ./src/MID/main.o

.debug_macro    0x00000000    0x10682
 .debug_macro   0x00000000      0x207 ./src/PHY/Peripheral/ReadTemperature/temperature.o
 .debug_macro   0x00000207      0x856 ./src/PHY/Peripheral/ReadTemperature/temperature.o
 .debug_macro   0x00000a5d       0x40 ./src/PHY/Peripheral/ReadTemperature/temperature.o
 .debug_macro   0x00000a9d       0x16 ./src/PHY/Peripheral/ReadTemperature/temperature.o
 .debug_macro   0x00000ab3       0x10 ./src/PHY/Peripheral/ReadTemperature/temperature.o
 .debug_macro   0x00000ac3      0x166 ./src/PHY/Peripheral/ReadTemperature/temperature.o
 .debug_macro   0x00000c29       0x52 ./src/PHY/Peripheral/ReadTemperature/temperature.o
 .debug_macro   0x00000c7b       0x16 ./src/PHY/Peripheral/ReadTemperature/temperature.o
 .debug_macro   0x00000c91       0x35 ./src/PHY/Peripheral/ReadTemperature/temperature.o
 .debug_macro   0x00000cc6       0xa2 ./src/PHY/Peripheral/ReadTemperature/temperature.o
 .debug_macro   0x00000d68      0x20e ./src/PHY/Peripheral/ReadTemperature/temperature.o
 .debug_macro   0x00000f76      0x106 ./src/PHY/Peripheral/ReadTemperature/temperature.o
 .debug_macro   0x0000107c      0x168 ./src/PHY/Peripheral/ReadTemperature/temperature.o
 .debug_macro   0x000011e4       0xeb ./src/PHY/Peripheral/ReadTemperature/temperature.o
 .debug_macro   0x000012cf       0x10 ./src/PHY/Peripheral/ReadTemperature/temperature.o
 .debug_macro   0x000012df       0x1f ./src/PHY/Peripheral/ReadTemperature/temperature.o
 .debug_macro   0x000012fe      0x3e5 ./src/PHY/Peripheral/ReadTemperature/temperature.o
 .debug_macro   0x000016e3       0x3a ./src/PHY/Peripheral/ReadTemperature/temperature.o
 .debug_macro   0x0000171d       0x52 ./src/PHY/Peripheral/ReadTemperature/temperature.o
 .debug_macro   0x0000176f       0x16 ./src/PHY/Peripheral/ReadTemperature/temperature.o
 .debug_macro   0x00001785       0x43 ./src/PHY/Peripheral/ReadTemperature/temperature.o
 .debug_macro   0x000017c8      0x19c ./src/PHY/Peripheral/ReadTemperature/temperature.o
 .debug_macro   0x00001964      0x29f ./src/PHY/Peripheral/ReadTemperature/temperature.o
 .debug_macro   0x00001c03       0x10 ./src/PHY/Peripheral/ReadTemperature/temperature.o
 .debug_macro   0x00001c13       0x35 ./src/PHY/Peripheral/ReadTemperature/temperature.o
 .debug_macro   0x00001c48       0x1f ./src/PHY/Peripheral/ReadTemperature/temperature.o
 .debug_macro   0x00001c67       0x10 ./src/PHY/Peripheral/ReadTemperature/temperature.o
 .debug_macro   0x00001c77       0x5d ./src/PHY/Peripheral/ReadTemperature/temperature.o
 .debug_macro   0x00001cd4       0x3b ./src/PHY/Peripheral/ReadTemperature/temperature.o
 .debug_macro   0x00001d0f       0x18 ./src/PHY/Peripheral/ReadTemperature/temperature.o
 .debug_macro   0x00001d27       0x42 ./src/PHY/Peripheral/ReadTemperature/temperature.o
 .debug_macro   0x00001d69      0xd39 ./src/PHY/Peripheral/ReadTemperature/temperature.o
 .debug_macro   0x00002aa2     0x8088 ./src/PHY/Peripheral/ReadTemperature/temperature.o
 .debug_macro   0x0000ab2a      0x265 ./src/PHY/Peripheral/ReadTemperature/temperature.o
 .debug_macro   0x0000ad8f      0x538 ./src/PHY/Peripheral/ReadTemperature/temperature.o
 .debug_macro   0x0000b2c7      0x454 ./src/PHY/Peripheral/ReadTemperature/temperature.o
 .debug_macro   0x0000b71b      0x73b ./src/PHY/Peripheral/ReadTemperature/temperature.o
 .debug_macro   0x0000be56      0x36a ./src/PHY/Peripheral/ReadTemperature/temperature.o
 .debug_macro   0x0000c1c0      0x24c ./src/PHY/Peripheral/ReadTemperature/temperature.o
 .debug_macro   0x0000c40c       0x16 ./src/PHY/Peripheral/ReadTemperature/temperature.o
 .debug_macro   0x0000c422      0x21b ./src/PHY/Peripheral/LCD1202/lcd1202.o
 .debug_macro   0x0000c63d      0x246 ./src/PHY/Peripheral/LCD1202/lcd1202.o
 .debug_macro   0x0000c883      0x207 ./src/PHY/Peripheral/LCD1202/lcd_font.o
 .debug_macro   0x0000ca8a      0x207 ./src/PHY/Peripheral/LCD1202/lcd_fontresource.o
 .debug_macro   0x0000cc91      0x1fd ./src/PHY/Peripheral/LCD1202/lcd_logo.o
 .debug_macro   0x0000ce8e      0x207 ./src/PHY/Peripheral/EthernetENC28J60/delay.o
 .debug_macro   0x0000d095      0x216 ./src/PHY/Peripheral/EthernetENC28J60/enc28j60.o
 .debug_macro   0x0000d2ab      0x4ea ./src/PHY/Peripheral/EthernetENC28J60/enc28j60.o
 .debug_macro   0x0000d795      0x20c ./src/PHY/Peripheral/DriveLed/DriverLed.o
 .debug_macro   0x0000d9a1       0x64 ./src/PHY/Peripheral/DriveLed/DriverLed.o
 .debug_macro   0x0000da05       0x1d ./src/PHY/MCU/ARM/stm32f4xx/startup_stm32f4xx.o
 .debug_macro   0x0000da22       0xde ./src/PHY/MCU/ARM/stm32f4xx/system_stm32f4xx.o
 .debug_macro   0x0000db00      0x15a ./src/PHY/Lib/cmsis_lib/stm32f4xx/stm32f4xx_adc.o
 .debug_macro   0x0000dc5a      0x44e ./src/PHY/Lib/cmsis_lib/stm32f4xx/stm32f4xx_adc.o
 .debug_macro   0x0000e0a8       0xd3 ./src/PHY/Lib/cmsis_lib/stm32f4xx/stm32f4xx_gpio.o
 .debug_macro   0x0000e17b      0x25f ./src/PHY/Lib/cmsis_lib/stm32f4xx/stm32f4xx_gpio.o
 .debug_macro   0x0000e3da      0x172 ./src/PHY/Lib/cmsis_lib/stm32f4xx/stm32f4xx_rcc.o
 .debug_macro   0x0000e54c      0x532 ./src/PHY/Lib/cmsis_lib/stm32f4xx/stm32f4xx_rcc.o
 .debug_macro   0x0000ea7e       0xff ./src/PHY/Lib/cmsis_lib/stm32f4xx/stm32f4xx_spi.o
 .debug_macro   0x0000eb7d      0x364 ./src/PHY/Lib/cmsis_lib/stm32f4xx/stm32f4xx_spi.o
 .debug_macro   0x0000eee1       0xfd ./src/PHY/Lib/cmsis_lib/stm32f4xx/stm32f4xx_tim.o
 .debug_macro   0x0000efde      0x735 ./src/PHY/Lib/cmsis_lib/stm32f4xx/stm32f4xx_tim.o
 .debug_macro   0x0000f713      0x238 ./src/OS/FreeRTOS_kernel/list.o
 .debug_macro   0x0000f94b      0x2e6 ./src/OS/FreeRTOS_kernel/port.o
 .debug_macro   0x0000fc31      0x2ec ./src/OS/FreeRTOS_kernel/tasks.o
 .debug_macro   0x0000ff1d       0x11 ./src/OS/FreeRTOS_kernel/tasks.o
 .debug_macro   0x0000ff2e      0x225 ./src/MID/Performance Management/performancemanagement.o
 .debug_macro   0x00010153      0x24c ./src/MID/Monitor/monitor.o
 .debug_macro   0x0001039f       0x6a ./src/MID/Monitor/monitor.o
 .debug_macro   0x00010409      0x279 ./src/MID/main.o

.debug_line     0x00000000     0x93a5
 .debug_line    0x00000000      0x64c ./src/PHY/Peripheral/ReadTemperature/temperature.o
 .debug_line    0x0000064c      0x839 ./src/PHY/Peripheral/LCD1202/lcd1202.o
 .debug_line    0x00000e85      0x64a ./src/PHY/Peripheral/LCD1202/lcd_font.o
 .debug_line    0x000014cf      0x5fc ./src/PHY/Peripheral/LCD1202/lcd_fontresource.o
 .debug_line    0x00001acb      0x5de ./src/PHY/Peripheral/LCD1202/lcd_logo.o
 .debug_line    0x000020a9      0x654 ./src/PHY/Peripheral/EthernetENC28J60/delay.o
 .debug_line    0x000026fd      0x8b3 ./src/PHY/Peripheral/EthernetENC28J60/enc28j60.o
 .debug_line    0x00002fb0      0x655 ./src/PHY/Peripheral/DriveLed/DriverLed.o
 .debug_line    0x00003605       0x83 ./src/PHY/MCU/ARM/stm32f4xx/startup_stm32f4xx.o
 .debug_line    0x00003688      0x334 ./src/PHY/MCU/ARM/stm32f4xx/system_stm32f4xx.o
 .debug_line    0x000039bc      0x685 ./src/PHY/Lib/cmsis_lib/stm32f4xx/stm32f4xx_adc.o
 .debug_line    0x00004041      0x472 ./src/PHY/Lib/cmsis_lib/stm32f4xx/stm32f4xx_gpio.o
 .debug_line    0x000044b3      0x6bc ./src/PHY/Lib/cmsis_lib/stm32f4xx/stm32f4xx_rcc.o
 .debug_line    0x00004b6f      0x585 ./src/PHY/Lib/cmsis_lib/stm32f4xx/stm32f4xx_spi.o
 .debug_line    0x000050f4      0xb98 ./src/PHY/Lib/cmsis_lib/stm32f4xx/stm32f4xx_tim.o
 .debug_line    0x00005c8c      0x698 ./src/OS/FreeRTOS_kernel/list.o
 .debug_line    0x00006324      0x7f2 ./src/OS/FreeRTOS_kernel/port.o
 .debug_line    0x00006b16     0x1266 ./src/OS/FreeRTOS_kernel/tasks.o
 .debug_line    0x00007d7c      0x63a ./src/MID/Performance Management/performancemanagement.o
 .debug_line    0x000083b6      0x79a ./src/MID/Monitor/monitor.o
 .debug_line    0x00008b50      0x855 ./src/MID/main.o

.debug_str      0x00000000    0x50227
 .debug_str     0x00000000    0x48eee ./src/PHY/Peripheral/ReadTemperature/temperature.o
                              0x490c1 (size before relaxing)
 .debug_str     0x00048eee      0x45e ./src/PHY/Peripheral/LCD1202/lcd1202.o
                              0x491b4 (size before relaxing)
 .debug_str     0x0004934c       0x6a ./src/PHY/Peripheral/LCD1202/lcd_font.o
                              0x48dfa (size before relaxing)
 .debug_str     0x000493b6       0x31 ./src/PHY/Peripheral/LCD1202/lcd_fontresource.o
                              0x48d65 (size before relaxing)
 .debug_str     0x000493e7       0x2f ./src/PHY/Peripheral/LCD1202/lcd_logo.o
                              0x48d3d (size before relaxing)
 .debug_str     0x00049416       0x8d ./src/PHY/Peripheral/EthernetENC28J60/delay.o
                              0x48da9 (size before relaxing)
 .debug_str     0x000494a3     0x1227 ./src/PHY/Peripheral/EthernetENC28J60/enc28j60.o
                              0x4a155 (size before relaxing)
 .debug_str     0x0004a6ca      0x208 ./src/PHY/Peripheral/DriveLed/DriverLed.o
                              0x490d3 (size before relaxing)
 .debug_str     0x0004a8d2       0xc4 ./src/PHY/MCU/ARM/stm32f4xx/startup_stm32f4xx.o
                               0x24bc (size before relaxing)
 .debug_str     0x0004a996      0x205 ./src/PHY/MCU/ARM/stm32f4xx/system_stm32f4xx.o
                              0x3596c (size before relaxing)
 .debug_str     0x0004ab9b      0x7de ./src/PHY/Lib/cmsis_lib/stm32f4xx/stm32f4xx_adc.o
                              0x3c09a (size before relaxing)
 .debug_str     0x0004b379      0x188 ./src/PHY/Lib/cmsis_lib/stm32f4xx/stm32f4xx_gpio.o
                              0x39d16 (size before relaxing)
 .debug_str     0x0004b501      0xa27 ./src/PHY/Lib/cmsis_lib/stm32f4xx/stm32f4xx_rcc.o
                              0x39116 (size before relaxing)
 .debug_str     0x0004bf28      0x310 ./src/PHY/Lib/cmsis_lib/stm32f4xx/stm32f4xx_spi.o
                              0x3a6ab (size before relaxing)
 .debug_str     0x0004c238      0xb37 ./src/PHY/Lib/cmsis_lib/stm32f4xx/stm32f4xx_tim.o
                              0x3d880 (size before relaxing)
 .debug_str     0x0004cd6f      0x9bf ./src/OS/FreeRTOS_kernel/list.o
                              0x496d9 (size before relaxing)
 .debug_str     0x0004d72e      0xde5 ./src/OS/FreeRTOS_kernel/port.o
                              0x4a318 (size before relaxing)
 .debug_str     0x0004e513     0x1baf ./src/OS/FreeRTOS_kernel/tasks.o
                              0x4b8ce (size before relaxing)
 .debug_str     0x000500c2       0xb9 ./src/MID/Performance Management/performancemanagement.o
                              0x49b11 (size before relaxing)
 .debug_str     0x0005017b       0x61 ./src/MID/Monitor/monitor.o
                              0x49d86 (size before relaxing)
 .debug_str     0x000501dc       0x4b ./src/MID/main.o
                              0x4ab8c (size before relaxing)

.debug_frame    0x00000000     0x29e4
 .debug_frame   0x00000000       0x50 ./src/PHY/Peripheral/ReadTemperature/temperature.o
 .debug_frame   0x00000050      0x204 ./src/PHY/Peripheral/LCD1202/lcd1202.o
 .debug_frame   0x00000254       0x48 ./src/PHY/Peripheral/LCD1202/lcd_font.o
 .debug_frame   0x0000029c       0x90 ./src/PHY/Peripheral/EthernetENC28J60/delay.o
 .debug_frame   0x0000032c      0x334 ./src/PHY/Peripheral/EthernetENC28J60/enc28j60.o
 .debug_frame   0x00000660       0x70 ./src/PHY/Peripheral/DriveLed/DriverLed.o
 .debug_frame   0x000006d0       0x48 ./src/PHY/MCU/ARM/stm32f4xx/startup_stm32f4xx.o
 .debug_frame   0x00000718       0x64 ./src/PHY/MCU/ARM/stm32f4xx/system_stm32f4xx.o
 .debug_frame   0x0000077c      0x434 ./src/PHY/Lib/cmsis_lib/stm32f4xx/stm32f4xx_adc.o
 .debug_frame   0x00000bb0      0x19c ./src/PHY/Lib/cmsis_lib/stm32f4xx/stm32f4xx_gpio.o
 .debug_frame   0x00000d4c      0x4d8 ./src/PHY/Lib/cmsis_lib/stm32f4xx/stm32f4xx_rcc.o
 .debug_frame   0x00001224      0x2d0 ./src/PHY/Lib/cmsis_lib/stm32f4xx/stm32f4xx_spi.o
 .debug_frame   0x000014f4      0xa3c ./src/PHY/Lib/cmsis_lib/stm32f4xx/stm32f4xx_tim.o
 .debug_frame   0x00001f30       0x9c ./src/OS/FreeRTOS_kernel/list.o
 .debug_frame   0x00001fcc      0x150 ./src/OS/FreeRTOS_kernel/port.o
 .debug_frame   0x0000211c      0x6c0 ./src/OS/FreeRTOS_kernel/tasks.o
 .debug_frame   0x000027dc       0x28 ./src/MID/Performance Management/performancemanagement.o
 .debug_frame   0x00002804       0x80 ./src/MID/Monitor/monitor.o
 .debug_frame   0x00002884       0x30 ./src/MID/main.o
 .debug_frame   0x000028b4       0x28 /home/yama/GCCToolchain/arm-2013.11/bin/../lib/gcc/arm-none-eabi/4.8.1/thumb2/libgcc.a(_aeabi_ldivmod.o)
 .debug_frame   0x000028dc       0x58 /home/yama/GCCToolchain/arm-2013.11/bin/../lib/gcc/arm-none-eabi/4.8.1/thumb2/libgcc.a(bpabi.o)
 .debug_frame   0x00002934       0x38 /home/yama/GCCToolchain/arm-2013.11/bin/../lib/gcc/arm-none-eabi/4.8.1/thumb2/libgcc.a(_divdi3.o)
 .debug_frame   0x0000296c       0x38 /home/yama/GCCToolchain/arm-2013.11/bin/../lib/gcc/arm-none-eabi/4.8.1/thumb2/libgcc.a(_udivdi3.o)
 .debug_frame   0x000029a4       0x20 /home/yama/GCCToolchain/arm-2013.11/bin/../lib/gcc/arm-none-eabi/4.8.1/thumb2/libgcc.a(_udivsi3.o)
 .debug_frame   0x000029c4       0x20 /home/yama/GCCToolchain/arm-2013.11/bin/../lib/gcc/arm-none-eabi/4.8.1/../../../../arm-none-eabi/lib/thumb2/libc.a(lib_a-strlen.o)
