Archive member included to satisfy reference by file (symbol)

/home/yama/GCCToolchain/gcc-arm-none-eabi-6-2017-q1-update/bin/../lib/gcc/arm-none-eabi/6.3.1/thumb/v7e-m/libgcc.a(_arm_addsubdf3.o)
                              ./src/PHY/Peripheral/ReadTemperature/temperature.o (__aeabi_dsub)
/home/yama/GCCToolchain/gcc-arm-none-eabi-6-2017-q1-update/bin/../lib/gcc/arm-none-eabi/6.3.1/thumb/v7e-m/libgcc.a(_arm_muldivdf3.o)
                              ./src/PHY/Peripheral/ReadTemperature/temperature.o (__aeabi_dmul)
/home/yama/GCCToolchain/gcc-arm-none-eabi-6-2017-q1-update/bin/../lib/gcc/arm-none-eabi/6.3.1/thumb/v7e-m/libgcc.a(_arm_truncdfsf2.o)
                              ./src/PHY/Peripheral/ReadTemperature/temperature.o (__aeabi_d2f)
/home/yama/GCCToolchain/gcc-arm-none-eabi-6-2017-q1-update/bin/../lib/gcc/arm-none-eabi/6.3.1/thumb/v7e-m/libgcc.a(_aeabi_ldivmod.o)
                              ./src/PHY/Peripheral/LCD1202/lcd1202.o (__aeabi_ldivmod)
/home/yama/GCCToolchain/gcc-arm-none-eabi-6-2017-q1-update/bin/../lib/gcc/arm-none-eabi/6.3.1/thumb/v7e-m/libgcc.a(_udivmoddi4.o)
                              /home/yama/GCCToolchain/gcc-arm-none-eabi-6-2017-q1-update/bin/../lib/gcc/arm-none-eabi/6.3.1/thumb/v7e-m/libgcc.a(_aeabi_ldivmod.o) (__udivmoddi4)
/home/yama/GCCToolchain/gcc-arm-none-eabi-6-2017-q1-update/bin/../lib/gcc/arm-none-eabi/6.3.1/thumb/v7e-m/libgcc.a(_dvmd_tls.o)
                              /home/yama/GCCToolchain/gcc-arm-none-eabi-6-2017-q1-update/bin/../lib/gcc/arm-none-eabi/6.3.1/thumb/v7e-m/libgcc.a(_aeabi_ldivmod.o) (__aeabi_ldiv0)
/home/yama/GCCToolchain/gcc-arm-none-eabi-6-2017-q1-update/bin/../lib/gcc/arm-none-eabi/6.3.1/../../../../arm-none-eabi/lib/thumb/v7e-m/libg.a(lib_a-atoi.o)
                              ./src/MID/NetWork/net.o (atoi)
/home/yama/GCCToolchain/gcc-arm-none-eabi-6-2017-q1-update/bin/../lib/gcc/arm-none-eabi/6.3.1/../../../../arm-none-eabi/lib/thumb/v7e-m/libg.a(lib_a-errno.o)
                              ./src/semihosting/newlib/_sbrk.o (__errno)
/home/yama/GCCToolchain/gcc-arm-none-eabi-6-2017-q1-update/bin/../lib/gcc/arm-none-eabi/6.3.1/../../../../arm-none-eabi/lib/thumb/v7e-m/libg.a(lib_a-exit.o)
                              /home/yama/GCCToolchain/gcc-arm-none-eabi-6-2017-q1-update/bin/../lib/gcc/arm-none-eabi/6.3.1/../../../../arm-none-eabi/lib/thumb/v7e-m/crt0.o (exit)
/home/yama/GCCToolchain/gcc-arm-none-eabi-6-2017-q1-update/bin/../lib/gcc/arm-none-eabi/6.3.1/../../../../arm-none-eabi/lib/thumb/v7e-m/libg.a(lib_a-impure.o)
                              /home/yama/GCCToolchain/gcc-arm-none-eabi-6-2017-q1-update/bin/../lib/gcc/arm-none-eabi/6.3.1/../../../../arm-none-eabi/lib/thumb/v7e-m/libg.a(lib_a-exit.o) (_global_impure_ptr)
/home/yama/GCCToolchain/gcc-arm-none-eabi-6-2017-q1-update/bin/../lib/gcc/arm-none-eabi/6.3.1/../../../../arm-none-eabi/lib/thumb/v7e-m/libg.a(lib_a-init.o)
                              /home/yama/GCCToolchain/gcc-arm-none-eabi-6-2017-q1-update/bin/../lib/gcc/arm-none-eabi/6.3.1/../../../../arm-none-eabi/lib/thumb/v7e-m/crt0.o (__libc_init_array)
/home/yama/GCCToolchain/gcc-arm-none-eabi-6-2017-q1-update/bin/../lib/gcc/arm-none-eabi/6.3.1/../../../../arm-none-eabi/lib/thumb/v7e-m/libg.a(lib_a-lcltime.o)
                              ./src/MID/NetWork/ntp.o (localtime)
/home/yama/GCCToolchain/gcc-arm-none-eabi-6-2017-q1-update/bin/../lib/gcc/arm-none-eabi/6.3.1/../../../../arm-none-eabi/lib/thumb/v7e-m/libg.a(lib_a-lcltime_r.o)
                              /home/yama/GCCToolchain/gcc-arm-none-eabi-6-2017-q1-update/bin/../lib/gcc/arm-none-eabi/6.3.1/../../../../arm-none-eabi/lib/thumb/v7e-m/libg.a(lib_a-lcltime.o) (localtime_r)
/home/yama/GCCToolchain/gcc-arm-none-eabi-6-2017-q1-update/bin/../lib/gcc/arm-none-eabi/6.3.1/../../../../arm-none-eabi/lib/thumb/v7e-m/libg.a(lib_a-memcmp.o)
                              ./src/MID/NetWork/arp.o (memcmp)
/home/yama/GCCToolchain/gcc-arm-none-eabi-6-2017-q1-update/bin/../lib/gcc/arm-none-eabi/6.3.1/../../../../arm-none-eabi/lib/thumb/v7e-m/libg.a(lib_a-memcpy.o)
                              ./src/OS/FreeRTOS_kernel/queue.o (memcpy)
/home/yama/GCCToolchain/gcc-arm-none-eabi-6-2017-q1-update/bin/../lib/gcc/arm-none-eabi/6.3.1/../../../../arm-none-eabi/lib/thumb/v7e-m/libg.a(lib_a-memset.o)
                              /home/yama/GCCToolchain/gcc-arm-none-eabi-6-2017-q1-update/bin/../lib/gcc/arm-none-eabi/6.3.1/../../../../arm-none-eabi/lib/thumb/v7e-m/crt0.o (memset)
/home/yama/GCCToolchain/gcc-arm-none-eabi-6-2017-q1-update/bin/../lib/gcc/arm-none-eabi/6.3.1/../../../../arm-none-eabi/lib/thumb/v7e-m/libg.a(lib_a-month_lengths.o)
                              /home/yama/GCCToolchain/gcc-arm-none-eabi-6-2017-q1-update/bin/../lib/gcc/arm-none-eabi/6.3.1/../../../../arm-none-eabi/lib/thumb/v7e-m/libg.a(lib_a-lcltime_r.o) (__month_lengths)
[...]
Memory Configuration

Name             Origin             Length             Attributes
FLASH            0x0000000008000000 0x0000000000100000 xr
SRAM             0x0000000020000000 0x0000000000020000 xrw
SRAM_CCM         0x0000000010000000 0x0000000000010000 xrw
*default*        0x0000000000000000 0xffffffffffffffff

Linker script and memory map

LOAD /home/yama/GCCToolchain/gcc-arm-none-eabi-6-2017-q1-update/bin/../lib/gcc/arm-none-eabi/6.3.1/thumb/v7e-m/crti.o
LOAD /home/yama/GCCToolchain/gcc-arm-none-eabi-6-2017-q1-update/bin/../lib/gcc/arm-none-eabi/6.3.1/thumb/v7e-m/crtbegin.o
LOAD /home/yama/GCCToolchain/gcc-arm-none-eabi-6-2017-q1-update/bin/../lib/gcc/arm-none-eabi/6.3.1/../../../../arm-none-eabi/lib/thumb/v7e-m/crt0.o
LOAD ./src/semihosting/newlib/_exit.o
LOAD ./src/semihosting/newlib/_sbrk.o
LOAD ./src/semihosting/newlib/_startup.o
LOAD ./src/semihosting/newlib/_syscalls.o
LOAD ./src/semihosting/newlib/assert.o
LOAD ./src/semihosting/log/ConsoleLog.o
LOAD ./src/semihosting/log/Trace.o
LOAD ./src/semihosting/console/console_serial_trace.o
LOAD ./src/PHY/Peripheral/ReadTemperature/temperature.o
LOAD ./src/PHY/Peripheral/LCD5110/LCD5110.o
LOAD ./src/PHY/Peripheral/LCD1202/lcd1202.o
LOAD ./src/PHY/Peripheral/LCD1202/lcd_font.o
LOAD ./src/PHY/Peripheral/LCD1202/lcd_fontresource.o
LOAD ./src/PHY/Peripheral/LCD1202/lcd_logo.o
LOAD ./src/PHY/Peripheral/EthernetENC28J60/enc28j60.o
LOAD ./src/PHY/Peripheral/EthernetENC28J60/enc28j60_spi.o
LOAD ./src/PHY/Peripheral/DriveLed/DriverLed.o
LOAD ./src/PHY/MCU/ARM/stm32f4xx/FreeRTOSHook.o
LOAD ./src/PHY/MCU/ARM/stm32f4xx/startup_stm32f4xx.o
LOAD ./src/PHY/MCU/ARM/stm32f4xx/system_stm32f4xx.o
LOAD ./src/PHY/Lib/cmsis_lib/stm32f4xx/misc.o
LOAD ./src/PHY/Lib/cmsis_lib/stm32f4xx/stm32f4xx_adc.o
LOAD ./src/PHY/Lib/cmsis_lib/stm32f4xx/stm32f4xx_can.o
LOAD ./src/PHY/Lib/cmsis_lib/stm32f4xx/stm32f4xx_crc.o
LOAD ./src/PHY/Lib/cmsis_lib/stm32f4xx/stm32f4xx_cryp.o
LOAD ./src/PHY/Lib/cmsis_lib/stm32f4xx/stm32f4xx_cryp_aes.o
LOAD ./src/PHY/Lib/cmsis_lib/stm32f4xx/stm32f4xx_cryp_des.o
LOAD ./src/PHY/Lib/cmsis_lib/stm32f4xx/stm32f4xx_cryp_tdes.o
LOAD ./src/PHY/Lib/cmsis_lib/stm32f4xx/stm32f4xx_dac.o
LOAD ./src/PHY/Lib/cmsis_lib/stm32f4xx/stm32f4xx_dbgmcu.o
LOAD ./src/PHY/Lib/cmsis_lib/stm32f4xx/stm32f4xx_dcmi.o
LOAD ./src/PHY/Lib/cmsis_lib/stm32f4xx/stm32f4xx_dma.o
LOAD ./src/PHY/Lib/cmsis_lib/stm32f4xx/stm32f4xx_exti.o
LOAD ./src/PHY/Lib/cmsis_lib/stm32f4xx/stm32f4xx_flash.o
LOAD ./src/PHY/Lib/cmsis_lib/stm32f4xx/stm32f4xx_fsmc.o
LOAD ./src/PHY/Lib/cmsis_lib/stm32f4xx/stm32f4xx_gpio.o
LOAD ./src/PHY/Lib/cmsis_lib/stm32f4xx/stm32f4xx_hash.o
LOAD ./src/PHY/Lib/cmsis_lib/stm32f4xx/stm32f4xx_hash_md5.o
LOAD ./src/PHY/Lib/cmsis_lib/stm32f4xx/stm32f4xx_hash_sha1.o
LOAD ./src/PHY/Lib/cmsis_lib/stm32f4xx/stm32f4xx_i2c.o
LOAD ./src/PHY/Lib/cmsis_lib/stm32f4xx/stm32f4xx_iwdg.o
LOAD ./src/PHY/Lib/cmsis_lib/stm32f4xx/stm32f4xx_pwr.o
LOAD ./src/PHY/Lib/cmsis_lib/stm32f4xx/stm32f4xx_rcc.o
LOAD ./src/PHY/Lib/cmsis_lib/stm32f4xx/stm32f4xx_rng.o
LOAD ./src/PHY/Lib/cmsis_lib/stm32f4xx/stm32f4xx_rtc.o
LOAD ./src/PHY/Lib/cmsis_lib/stm32f4xx/stm32f4xx_sdio.o
LOAD ./src/PHY/Lib/cmsis_lib/stm32f4xx/stm32f4xx_spi.o
LOAD ./src/PHY/Lib/cmsis_lib/stm32f4xx/stm32f4xx_syscfg.o
LOAD ./src/PHY/Lib/cmsis_lib/stm32f4xx/stm32f4xx_tim.o
LOAD ./src/PHY/Lib/cmsis_lib/stm32f4xx/stm32f4xx_usart.o
LOAD ./src/PHY/Lib/cmsis_lib/stm32f4xx/stm32f4xx_wwdg.o
LOAD ./src/OS/FreeRTOS_kernel/croutine.o
LOAD ./src/OS/FreeRTOS_kernel/event_groups.o
LOAD ./src/OS/FreeRTOS_kernel/heap_1.o
LOAD ./src/OS/FreeRTOS_kernel/list.o
LOAD ./src/OS/FreeRTOS_kernel/port.o
LOAD ./src/OS/FreeRTOS_kernel/queue.o
LOAD ./src/OS/FreeRTOS_kernel/tasks.o
LOAD ./src/OS/FreeRTOS_kernel/timers.o
LOAD ./src/MID/Signal/signal.o
LOAD ./src/MID/PostOffice/postoffice.o
LOAD ./src/MID/Performance Management/performancemanagement.o
LOAD ./src/MID/NetWork/arp.o
LOAD ./src/MID/NetWork/net.o
LOAD ./src/MID/NetWork/netmork.o
LOAD ./src/MID/NetWork/ntp.o
LOAD ./src/MID/NetWork/stm32f4_html.o
LOAD ./src/MID/NetWork/tcp.o
LOAD ./src/MID/NetWork/udp.o
LOAD ./src/MID/Monitor/monitor.o
LOAD ./src/MID/ConfigManagement/configmanagement.o
LOAD ./src/MID/main.o
START GROUP
LOAD /home/yama/GCCToolchain/gcc-arm-none-eabi-6-2017-q1-update/bin/../lib/gcc/arm-none-eabi/6.3.1/thumb/v7e-m/libgcc.a
LOAD /home/yama/GCCToolchain/gcc-arm-none-eabi-6-2017-q1-update/bin/../lib/gcc/arm-none-eabi/6.3.1/../../../../arm-none-eabi/lib/thumb/v7e-m/libg.a
LOAD /home/yama/GCCToolchain/gcc-arm-none-eabi-6-2017-q1-update/bin/../lib/gcc/arm-none-eabi/6.3.1/../../../../arm-none-eabi/lib/thumb/v7e-m/libc.a
END GROUP
LOAD /home/yama/GCCToolchain/gcc-arm-none-eabi-6-2017-q1-update/bin/../lib/gcc/arm-none-eabi/6.3.1/thumb/v7e-m/crtend.o
LOAD /home/yama/GCCToolchain/gcc-arm-none-eabi-6-2017-q1-update/bin/../lib/gcc/arm-none-eabi/6.3.1/thumb/v7e-m/crtn.o
                0x0000000020020000                _eram = 0x20020000

.text           0x0000000008000000    0x11759
                0x0000000008000000                _flash_s = .
 *(.isr_vector)
 .isr_vector    0x0000000008000000      0x188 ./src/PHY/MCU/ARM/stm32f4xx/startup_stm32f4xx.o
                0x0000000008000000                g_pfnVectors
 *(.text*)
 .text          0x0000000008000188       0x6c /home/yama/GCCToolchain/gcc-arm-none-eabi-6-2017-q1-update/bin/../lib/gcc/arm-none-eabi/6.3.1/thumb/v7e-m/crtbegin.o
 .text._sbrk    0x00000000080001f4       0x68 ./src/semihosting/newlib/_sbrk.o
                0x00000000080001f4                _sbrk
 .text.trace_printf
                0x000000000800025c       0x44 ./src/semihosting/log/Trace.o
                0x000000000800025c                trace_printf
 .text.trace_write
                0x00000000080002a0       0x1c ./src/semihosting/log/Trace.o
                0x00000000080002a0                trace_write
 .text._trace_write_semihosting_debug
                0x00000000080002bc       0xa8 ./src/semihosting/log/Trace.o
                0x00000000080002bc                _trace_write_semihosting_debug
 .text.console_serial_init
                0x0000000008000364       0x88 ./src/semihosting/console/console_serial_trace.o
                0x0000000008000364                console_serial_init
 .text.console_serial_tx
                0x00000000080003ec       0x34 ./src/semihosting/console/console_serial_trace.o
                0x00000000080003ec                console_serial_tx
 .text.console_serial_print_string
                0x0000000008000420       0x44 ./src/semihosting/console/console_serial_trace.o
                0x0000000008000420                console_serial_print_string
 .text.console_serial_print_line
                0x0000000008000464       0x48 ./src/semihosting/console/console_serial_trace.o
                0x0000000008000464                console_serial_print_line
 .text.console_serial_print_log
                0x00000000080004ac       0x48 ./src/semihosting/console/console_serial_trace.o
                0x00000000080004ac                console_serial_print_log
 .text.TEM_initialize
                0x00000000080004f4       0xb8 ./src/PHY/Peripheral/ReadTemperature/temperature.o
                0x00000000080004f4                TEM_initialize
 *fill*         0x00000000080005ac        0x4 
 .text.TEM_updateTemperature
                0x00000000080005b0      0x14c ./src/PHY/Peripheral/ReadTemperature/temperature.o
                0x00000000080005b0                TEM_updateTemperature
 .text.LCD1202_configurePin
                0x00000000080006fc       0x44 ./src/PHY/Peripheral/LCD1202/lcd1202.o
                0x00000000080006fc                LCD1202_configurePin
 .text.LCD1202_hightPowerPin
                0x0000000008000740       0x20 ./src/PHY/Peripheral/LCD1202/lcd1202.o
                0x0000000008000740                LCD1202_hightPowerPin
 .text.LCD1202_lowerPowerPin
                0x0000000008000760       0x20 ./src/PHY/Peripheral/LCD1202/lcd1202.o
                0x0000000008000760                LCD1202_lowerPowerPin
 .text.LCD1202_settingPinConnection
                0x0000000008000780       0x98 ./src/PHY/Peripheral/LCD1202/lcd1202.o
                0x0000000008000780                LCD1202_settingPinConnection
 .text.LCD1202_transficData
                0x0000000008000818       0x84 ./src/PHY/Peripheral/LCD1202/lcd1202.o
                0x0000000008000818                LCD1202_transficData
 .text.LCD1202_sendData
                0x000000000800089c       0x2c ./src/PHY/Peripheral/LCD1202/lcd1202.o
                0x000000000800089c                LCD1202_sendData
 .text.LCD1202_sendCommand
                0x00000000080008c8       0x2c ./src/PHY/Peripheral/LCD1202/lcd1202.o
                0x00000000080008c8                LCD1202_sendCommand
 .text.LCD1202_initialize
                0x00000000080008f4       0x90 ./src/PHY/Peripheral/LCD1202/lcd1202.o
                0x00000000080008f4                LCD1202_initialize
 .text.LCD1202_clearScreen
                0x0000000008000984       0x50 ./src/PHY/Peripheral/LCD1202/lcd1202.o
                0x0000000008000984                LCD1202_clearScreen
 .text.LCD1202_flush
                0x00000000080009d4       0x48 ./src/PHY/Peripheral/LCD1202/lcd1202.o
                0x00000000080009d4                LCD1202_flush
 .text.LCD1202_printText
                0x0000000008000a1c       0x6c ./src/PHY/Peripheral/LCD1202/lcd1202.o
                0x0000000008000a1c                LCD1202_printText
 .text.LCD1202_printNumberInterger
                0x0000000008000a88      0x140 ./src/PHY/Peripheral/LCD1202/lcd1202.o
                0x0000000008000a88                LCD1202_printNumberInterger
 .text.LCD1202_endLine
                0x0000000008000bc8      0x104 ./src/PHY/Peripheral/LCD1202/lcd1202.o
                0x0000000008000bc8                LCD1202_endLine
 .text.LF_setFontIsUse
                0x0000000008000ccc       0x44 ./src/PHY/Peripheral/LCD1202/lcd_font.o
                0x0000000008000ccc                LF_setFontIsUse
 .text.LF_printCharToLcdRam
                0x0000000008000d10       0xc0 ./src/PHY/Peripheral/LCD1202/lcd_font.o
                0x0000000008000d10                LF_printCharToLcdRam
 .text.enc28j60_read_op
                0x0000000008000dd0       0x64 ./src/PHY/Peripheral/EthernetENC28J60/enc28j60.o
                0x0000000008000dd0                enc28j60_read_op
 .text.enc28j60_write_op
                0x0000000008000e34       0x54 ./src/PHY/Peripheral/EthernetENC28J60/enc28j60.o
                0x0000000008000e34                enc28j60_write_op
 .text.enc28j60_soft_reset
                0x0000000008000e88       0x4c ./src/PHY/Peripheral/EthernetENC28J60/enc28j60.o
                0x0000000008000e88                enc28j60_soft_reset
 .text.enc28j60_set_bank
                0x0000000008000ed4       0x54 ./src/PHY/Peripheral/EthernetENC28J60/enc28j60.o
                0x0000000008000ed4                enc28j60_set_bank
 .text.enc28j60_rcr
                0x0000000008000f28       0x26 ./src/PHY/Peripheral/EthernetENC28J60/enc28j60.o
                0x0000000008000f28                enc28j60_rcr
 .text.enc28j60_rcr16
                0x0000000008000f4e       0x42 ./src/PHY/Peripheral/EthernetENC28J60/enc28j60.o
                0x0000000008000f4e                enc28j60_rcr16
 .text.enc28j60_wcr
                0x0000000008000f90       0x2c ./src/PHY/Peripheral/EthernetENC28J60/enc28j60.o
                0x0000000008000f90                enc28j60_wcr
 .text.enc28j60_wcr16
                0x0000000008000fbc       0x44 ./src/PHY/Peripheral/EthernetENC28J60/enc28j60.o
                0x0000000008000fbc                enc28j60_wcr16
 .text.enc28j60_bfc
                0x0000000008001000       0x2c ./src/PHY/Peripheral/EthernetENC28J60/enc28j60.o
                0x0000000008001000                enc28j60_bfc
 .text.enc28j60_bfs
                0x000000000800102c       0x2c ./src/PHY/Peripheral/EthernetENC28J60/enc28j60.o
                0x000000000800102c                enc28j60_bfs
 .text.enc28j60_read_buffer
                0x0000000008001058       0x50 ./src/PHY/Peripheral/EthernetENC28J60/enc28j60.o
                0x0000000008001058                enc28j60_read_buffer
 .text.enc28j60_write_buffer
                0x00000000080010a8       0x4c ./src/PHY/Peripheral/EthernetENC28J60/enc28j60.o
                0x00000000080010a8                enc28j60_write_buffer
 .text.enc28j60_write_phy
                0x00000000080010f4       0x3e ./src/PHY/Peripheral/EthernetENC28J60/enc28j60.o
                0x00000000080010f4                enc28j60_write_phy
 *fill*         0x0000000008001132        0x2 
 .text.enc28j60_init
                0x0000000008001134      0x180 ./src/PHY/Peripheral/EthernetENC28J60/enc28j60.o
                0x0000000008001134                enc28j60_init
 .text.enc28j60_packetSend
                0x00000000080012b4       0x88 ./src/PHY/Peripheral/EthernetENC28J60/enc28j60.o
                0x00000000080012b4                enc28j60_packetSend
 .text.enc28j60_packetReceive
                0x000000000800133c       0xa0 ./src/PHY/Peripheral/EthernetENC28J60/enc28j60.o
                0x000000000800133c                enc28j60_packetReceive
 .text.ENC28J60_Send_And_Receive_Byte
                0x00000000080013dc       0x4c ./src/PHY/Peripheral/EthernetENC28J60/enc28j60_spi.o
                0x00000000080013dc                ENC28J60_Send_And_Receive_Byte
 .text.ENC28J60_GPIO_Config
                0x0000000008001428       0xa8 ./src/PHY/Peripheral/EthernetENC28J60/enc28j60_spi.o
                0x0000000008001428                ENC28J60_GPIO_Config
 .text.ENC28J60_SPI_Config
                0x00000000080014d0       0x74 ./src/PHY/Peripheral/EthernetENC28J60/enc28j60_spi.o
                0x00000000080014d0                ENC28J60_SPI_Config
 .text.ENC28J60_SPI_Init
                0x0000000008001544       0x10 ./src/PHY/Peripheral/EthernetENC28J60/enc28j60_spi.o
                0x0000000008001544                ENC28J60_SPI_Init
 .text.DL_initialize
                0x0000000008001554       0x84 ./src/PHY/Peripheral/DriveLed/DriverLed.o
                0x0000000008001554                DL_initialize
 .text.DL_turnOffLedRed
                0x00000000080015d8       0x80 ./src/PHY/Peripheral/DriveLed/DriverLed.o
                0x00000000080015d8                DL_turnOffLedRed
 .text.DL_turnOnLedRed
                0x0000000008001658       0x80 ./src/PHY/Peripheral/DriveLed/DriverLed.o
                0x0000000008001658                DL_turnOnLedRed
 .text.Default_Reset_Handler
                0x00000000080016d8       0x60 ./src/PHY/MCU/ARM/stm32f4xx/startup_stm32f4xx.o
                0x00000000080016d8                Reset_Handler
                0x00000000080016d8                Default_Reset_Handler
 .text.Default_Handler
                0x0000000008001738        0x6 ./src/PHY/MCU/ARM/stm32f4xx/startup_stm32f4xx.o
                0x0000000008001738                RTC_Alarm_IRQHandler
                0x0000000008001738                HASH_RNG_IRQHandler
                0x0000000008001738                EXTI2_IRQHandler
                0x0000000008001738                TIM8_CC_IRQHandler
                0x0000000008001738                DebugMon_Handler
                0x0000000008001738                TIM1_CC_IRQHandler
                0x0000000008001738                DMA2_Stream5_IRQHandler
                0x0000000008001738                HardFault_Handler
                0x0000000008001738                DMA1_Stream5_IRQHandler
                0x0000000008001738                PVD_IRQHandler
                0x0000000008001738                SDIO_IRQHandler
                0x0000000008001738                TAMP_STAMP_IRQHandler
                0x0000000008001738                NMI_Handler
                0x0000000008001738                CAN2_RX1_IRQHandler
                0x0000000008001738                EXTI3_IRQHandler
                0x0000000008001738                TIM8_TRG_COM_TIM14_IRQHandler
                0x0000000008001738                TIM1_UP_TIM10_IRQHandler
                0x0000000008001738                TIM8_UP_TIM13_IRQHandler
                0x0000000008001738                I2C3_ER_IRQHandler
                0x0000000008001738                EXTI0_IRQHandler
                0x0000000008001738                I2C2_EV_IRQHandler
                0x0000000008001738                DMA1_Stream2_IRQHandler
                0x0000000008001738                CAN1_RX0_IRQHandler
                0x0000000008001738                FPU_IRQHandler
                0x0000000008001738                OTG_HS_WKUP_IRQHandler
                0x0000000008001738                UsageFault_Handler
                0x0000000008001738                CAN2_SCE_IRQHandler
                0x0000000008001738                DMA2_Stream2_IRQHandler
                0x0000000008001738                SPI1_IRQHandler
                0x0000000008001738                TIM6_DAC_IRQHandler
                0x0000000008001738                TIM1_BRK_TIM9_IRQHandler
                0x0000000008001738                DCMI_IRQHandler
                0x0000000008001738                CAN2_RX0_IRQHandler
                0x0000000008001738                DMA2_Stream3_IRQHandler
                0x0000000008001738                USART6_IRQHandler
                0x0000000008001738                USART3_IRQHandler
                0x0000000008001738                CRYP_IRQHandler
                0x0000000008001738                CAN1_RX1_IRQHandler
                0x0000000008001738                UART5_IRQHandler
                0x0000000008001738                DMA2_Stream0_IRQHandler
                0x0000000008001738                TIM4_IRQHandler
                0x0000000008001738                I2C1_EV_IRQHandler
                0x0000000008001738                DMA1_Stream6_IRQHandler
                0x0000000008001738                DMA1_Stream1_IRQHandler
                0x0000000008001738                UART4_IRQHandler
                0x0000000008001738                TIM3_IRQHandler
                0x0000000008001738                RCC_IRQHandler
                0x0000000008001738                TIM8_BRK_TIM12_IRQHandler
                0x0000000008001738                EXTI15_10_IRQHandler
                0x0000000008001738                ADC_IRQHandler
                0x0000000008001738                DMA1_Stream7_IRQHandler
                0x0000000008001738                TIM7_IRQHandler
                0x0000000008001738                CAN2_TX_IRQHandler
                0x0000000008001738                TIM5_IRQHandler
                0x0000000008001738                DMA2_Stream7_IRQHandler
                0x0000000008001738                I2C3_EV_IRQHandler
                0x0000000008001738                EXTI9_5_IRQHandler
                0x0000000008001738                RTC_WKUP_IRQHandler
                0x0000000008001738                ETH_WKUP_IRQHandler
                0x0000000008001738                SPI2_IRQHandler
                0x0000000008001738                OTG_HS_EP1_IN_IRQHandler
                0x0000000008001738                MemManage_Handler
                0x0000000008001738                DMA1_Stream0_IRQHandler
                0x0000000008001738                CAN1_TX_IRQHandler
                0x0000000008001738                EXTI4_IRQHandler
                0x0000000008001738                FSMC_IRQHandler
                0x0000000008001738                ETH_IRQHandler
                0x0000000008001738                OTG_HS_EP1_OUT_IRQHandler
                0x0000000008001738                WWDG_IRQHandler
                0x0000000008001738                TIM2_IRQHandler
                0x0000000008001738                OTG_FS_WKUP_IRQHandler
                0x0000000008001738                TIM1_TRG_COM_TIM11_IRQHandler
                0x0000000008001738                OTG_HS_IRQHandler
                0x0000000008001738                EXTI1_IRQHandler
                0x0000000008001738                USART2_IRQHandler
                0x0000000008001738                I2C2_ER_IRQHandler
                0x0000000008001738                DMA2_Stream1_IRQHandler
                0x0000000008001738                CAN1_SCE_IRQHandler
                0x0000000008001738                FLASH_IRQHandler
                0x0000000008001738                DMA2_Stream4_IRQHandler
                0x0000000008001738                BusFault_Handler
                0x0000000008001738                USART1_IRQHandler
                0x0000000008001738                OTG_FS_IRQHandler
                0x0000000008001738                SPI3_IRQHandler
                0x0000000008001738                DMA1_Stream4_IRQHandler
                0x0000000008001738                I2C1_ER_IRQHandler
                0x0000000008001738                DMA2_Stream6_IRQHandler
                0x0000000008001738                DMA1_Stream3_IRQHandler
 *fill*         0x000000000800173e        0x2 
 .text.SystemInit
                0x0000000008001740       0x6c ./src/PHY/MCU/ARM/stm32f4xx/system_stm32f4xx.o
                0x0000000008001740                SystemInit
 .text.SetSysClock
                0x00000000080017ac       0xf8 ./src/PHY/MCU/ARM/stm32f4xx/system_stm32f4xx.o
 .text.ADC_DeInit
                0x00000000080018a4       0x1c ./src/PHY/Lib/cmsis_lib/stm32f4xx/stm32f4xx_adc.o
                0x00000000080018a4                ADC_DeInit
 .text.ADC_Init
                0x00000000080018c0      0x298 ./src/PHY/Lib/cmsis_lib/stm32f4xx/stm32f4xx_adc.o
                0x00000000080018c0                ADC_Init
 .text.ADC_CommonInit
                0x0000000008001b58      0x200 ./src/PHY/Lib/cmsis_lib/stm32f4xx/stm32f4xx_adc.o
                0x0000000008001b58                ADC_CommonInit
 .text.ADC_Cmd  0x0000000008001d58       0x9c ./src/PHY/Lib/cmsis_lib/stm32f4xx/stm32f4xx_adc.o
                0x0000000008001d58                ADC_Cmd
 .text.ADC_TempSensorVrefintCmd
                0x0000000008001df4       0x68 ./src/PHY/Lib/cmsis_lib/stm32f4xx/stm32f4xx_adc.o
                0x0000000008001df4                ADC_TempSensorVrefintCmd
 .text.ADC_RegularChannelConfig
                0x0000000008001e5c      0x2c4 ./src/PHY/Lib/cmsis_lib/stm32f4xx/stm32f4xx_adc.o
                0x0000000008001e5c                ADC_RegularChannelConfig
 .text.ADC_SoftwareStartConv
                0x0000000008002120       0x64 ./src/PHY/Lib/cmsis_lib/stm32f4xx/stm32f4xx_adc.o
                0x0000000008002120                ADC_SoftwareStartConv
 .text.ADC_GetConversionValue
                0x0000000008002184       0x60 ./src/PHY/Lib/cmsis_lib/stm32f4xx/stm32f4xx_adc.o
                0x0000000008002184                ADC_GetConversionValue
 .text.ADC_GetFlagStatus
                0x00000000080021e4       0xb0 ./src/PHY/Lib/cmsis_lib/stm32f4xx/stm32f4xx_adc.o
                0x00000000080021e4                ADC_GetFlagStatus
 .text.GPIO_Init
                0x0000000008002294      0x274 ./src/PHY/Lib/cmsis_lib/stm32f4xx/stm32f4xx_gpio.o
                0x0000000008002294                GPIO_Init
 .text.GPIO_SetBits
                0x0000000008002508       0xc4 ./src/PHY/Lib/cmsis_lib/stm32f4xx/stm32f4xx_gpio.o
                0x0000000008002508                GPIO_SetBits
 .text.GPIO_ResetBits
                0x00000000080025cc       0xc4 ./src/PHY/Lib/cmsis_lib/stm32f4xx/stm32f4xx_gpio.o
                0x00000000080025cc                GPIO_ResetBits
 .text.GPIO_PinAFConfig
                0x0000000008002690      0x280 ./src/PHY/Lib/cmsis_lib/stm32f4xx/stm32f4xx_gpio.o
                0x0000000008002690                GPIO_PinAFConfig
 .text.RCC_GetClocksFreq
                0x0000000008002910      0x150 ./src/PHY/Lib/cmsis_lib/stm32f4xx/stm32f4xx_rcc.o
                0x0000000008002910                RCC_GetClocksFreq
 .text.RCC_AHB1PeriphClockCmd
                0x0000000008002a60       0x94 ./src/PHY/Lib/cmsis_lib/stm32f4xx/stm32f4xx_rcc.o
                0x0000000008002a60                RCC_AHB1PeriphClockCmd
 .text.RCC_APB1PeriphClockCmd
                0x0000000008002af4       0x94 ./src/PHY/Lib/cmsis_lib/stm32f4xx/stm32f4xx_rcc.o
                0x0000000008002af4                RCC_APB1PeriphClockCmd
 .text.RCC_APB2PeriphClockCmd
                0x0000000008002b88       0x94 ./src/PHY/Lib/cmsis_lib/stm32f4xx/stm32f4xx_rcc.o
                0x0000000008002b88                RCC_APB2PeriphClockCmd
 .text.RCC_APB2PeriphResetCmd
                0x0000000008002c1c       0x94 ./src/PHY/Lib/cmsis_lib/stm32f4xx/stm32f4xx_rcc.o
                0x0000000008002c1c                RCC_APB2PeriphResetCmd
 .text.SPI_Init
                0x0000000008002cb0      0x254 ./src/PHY/Lib/cmsis_lib/stm32f4xx/stm32f4xx_spi.o
                0x0000000008002cb0                SPI_Init
 .text.SPI_Cmd  0x0000000008002f04       0xa4 ./src/PHY/Lib/cmsis_lib/stm32f4xx/stm32f4xx_spi.o
                0x0000000008002f04                SPI_Cmd
 .text.SPI_I2S_ReceiveData
                0x0000000008002fa8       0x74 ./src/PHY/Lib/cmsis_lib/stm32f4xx/stm32f4xx_spi.o
                0x0000000008002fa8                SPI_I2S_ReceiveData
 .text.SPI_I2S_SendData
                0x000000000800301c       0x78 ./src/PHY/Lib/cmsis_lib/stm32f4xx/stm32f4xx_spi.o
                0x000000000800301c                SPI_I2S_SendData
 .text.SPI_I2S_GetFlagStatus
                0x0000000008003094       0xdc ./src/PHY/Lib/cmsis_lib/stm32f4xx/stm32f4xx_spi.o
                0x0000000008003094                SPI_I2S_GetFlagStatus
 .text.TIM_TimeBaseInit
                0x0000000008003170      0x1ec ./src/PHY/Lib/cmsis_lib/stm32f4xx/stm32f4xx_tim.o
                0x0000000008003170                TIM_TimeBaseInit
 .text.TIM_Cmd  0x000000000800335c      0x124 ./src/PHY/Lib/cmsis_lib/stm32f4xx/stm32f4xx_tim.o
                0x000000000800335c                TIM_Cmd
 .text.USART_Init
                0x0000000008003480      0x324 ./src/PHY/Lib/cmsis_lib/stm32f4xx/stm32f4xx_usart.o
                0x0000000008003480                USART_Init
 .text.USART_Cmd
                0x00000000080037a4       0xc8 ./src/PHY/Lib/cmsis_lib/stm32f4xx/stm32f4xx_usart.o
                0x00000000080037a4                USART_Cmd
 .text.USART_SendData
                0x000000000800386c       0xa8 ./src/PHY/Lib/cmsis_lib/stm32f4xx/stm32f4xx_usart.o
                0x000000000800386c                USART_SendData
 .text.pvPortMalloc
                0x0000000008003914       0x8c ./src/OS/FreeRTOS_kernel/heap_1.o
                0x0000000008003914                pvPortMalloc
 .text.vPortFree
                0x00000000080039a0       0x2e ./src/OS/FreeRTOS_kernel/heap_1.o
                0x00000000080039a0                vPortFree
 .text.vListInitialise
                0x00000000080039ce       0x40 ./src/OS/FreeRTOS_kernel/list.o
                0x00000000080039ce                vListInitialise
 .text.vListInitialiseItem
                0x0000000008003a0e       0x1a ./src/OS/FreeRTOS_kernel/list.o
                0x0000000008003a0e                vListInitialiseItem
 .text.vListInsertEnd
                0x0000000008003a28       0x48 ./src/OS/FreeRTOS_kernel/list.o
                0x0000000008003a28                vListInsertEnd
 .text.vListInsert
                0x0000000008003a70       0x72 ./src/OS/FreeRTOS_kernel/list.o
                0x0000000008003a70                vListInsert
 .text.uxListRemove
                0x0000000008003ae2       0x54 ./src/OS/FreeRTOS_kernel/list.o
                0x0000000008003ae2                uxListRemove
 *fill*         0x0000000008003b36        0x2 
 .text.pxPortInitialiseStack
                0x0000000008003b38       0x68 ./src/OS/FreeRTOS_kernel/port.o
                0x0000000008003b38                pxPortInitialiseStack
 .text.prvTaskExitError
                0x0000000008003ba0       0x3c ./src/OS/FreeRTOS_kernel/port.o
 *fill*         0x0000000008003bdc        0x4 
 .text.SVC_Handler
                0x0000000008003be0       0x28 ./src/OS/FreeRTOS_kernel/port.o
                0x0000000008003be0                SVC_Handler
 .text.prvPortStartFirstTask
                0x0000000008003c08       0x20 ./src/OS/FreeRTOS_kernel/port.o
 .text.xPortStartScheduler
                0x0000000008003c28      0x118 ./src/OS/FreeRTOS_kernel/port.o
                0x0000000008003c28                xPortStartScheduler
 .text.vPortEnterCritical
                0x0000000008003d40       0x5c ./src/OS/FreeRTOS_kernel/port.o
                0x0000000008003d40                vPortEnterCritical
 .text.vPortExitCritical
                0x0000000008003d9c       0x50 ./src/OS/FreeRTOS_kernel/port.o
                0x0000000008003d9c                vPortExitCritical
 *fill*         0x0000000008003dec        0x4 
 .text.PendSV_Handler
                0x0000000008003df0       0x68 ./src/OS/FreeRTOS_kernel/port.o
                0x0000000008003df0                PendSV_Handler
 .text.SysTick_Handler
                0x0000000008003e58       0x40 ./src/OS/FreeRTOS_kernel/port.o
                0x0000000008003e58                SysTick_Handler
 .text.vPortSetupTimerInterrupt
                0x0000000008003e98       0x38 ./src/OS/FreeRTOS_kernel/port.o
                0x0000000008003e98                vPortSetupTimerInterrupt
 .text.vPortEnableVFP
                0x0000000008003ed0       0x14 ./src/OS/FreeRTOS_kernel/port.o
 .text.vPortValidateInterruptPriority
                0x0000000008003ee4       0x7c ./src/OS/FreeRTOS_kernel/port.o
                0x0000000008003ee4                vPortValidateInterruptPriority
 .text.xQueueGenericReset
                0x0000000008003f60       0xd0 ./src/OS/FreeRTOS_kernel/queue.o
                0x0000000008003f60                xQueueGenericReset
 .text.xQueueGenericCreate
                0x0000000008004030       0x72 ./src/OS/FreeRTOS_kernel/queue.o
                0x0000000008004030                xQueueGenericCreate
 .text.prvInitialiseNewQueue
                0x00000000080040a2       0x46 ./src/OS/FreeRTOS_kernel/queue.o
 .text.xQueueGenericSend
                0x00000000080040e8      0x1f4 ./src/OS/FreeRTOS_kernel/queue.o
                0x00000000080040e8                xQueueGenericSend
 .text.xQueueGenericSendFromISR
                0x00000000080042dc      0x128 ./src/OS/FreeRTOS_kernel/queue.o
                0x00000000080042dc                xQueueGenericSendFromISR
 .text.xQueueGenericReceive
                0x0000000008004404      0x224 ./src/OS/FreeRTOS_kernel/queue.o
                0x0000000008004404                xQueueGenericReceive
 .text.prvCopyDataToQueue
                0x0000000008004628       0xd4 ./src/OS/FreeRTOS_kernel/queue.o
 .text.prvCopyDataFromQueue
                0x00000000080046fc       0x4c ./src/OS/FreeRTOS_kernel/queue.o
 .text.prvUnlockQueue
                0x0000000008004748       0xa4 ./src/OS/FreeRTOS_kernel/queue.o
 .text.prvIsQueueEmpty
                0x00000000080047ec       0x2c ./src/OS/FreeRTOS_kernel/queue.o
 .text.prvIsQueueFull
                0x0000000008004818       0x30 ./src/OS/FreeRTOS_kernel/queue.o
 .text.vQueueAddToRegistry
                0x0000000008004848       0x50 ./src/OS/FreeRTOS_kernel/queue.o
                0x0000000008004848                vQueueAddToRegistry
 .text.vQueueWaitForMessageRestricted
                0x0000000008004898       0x68 ./src/OS/FreeRTOS_kernel/queue.o
                0x0000000008004898                vQueueWaitForMessageRestricted
 .text.xTaskCreate
                0x0000000008004900       0x82 ./src/OS/FreeRTOS_kernel/tasks.o
                0x0000000008004900                xTaskCreate
 .text.prvInitialiseNewTask
                0x0000000008004982      0x110 ./src/OS/FreeRTOS_kernel/tasks.o
 *fill*         0x0000000008004a92        0x2 
 .text.prvAddNewTaskToReadyList
                0x0000000008004a94       0xdc ./src/OS/FreeRTOS_kernel/tasks.o
 .text.vTaskDelay
                0x0000000008004b70       0x68 ./src/OS/FreeRTOS_kernel/tasks.o
                0x0000000008004b70                vTaskDelay
 .text.vTaskStartScheduler
                0x0000000008004bd8       0x98 ./src/OS/FreeRTOS_kernel/tasks.o
                0x0000000008004bd8                vTaskStartScheduler
 .text.vTaskSuspendAll
                0x0000000008004c70       0x1c ./src/OS/FreeRTOS_kernel/tasks.o
                0x0000000008004c70                vTaskSuspendAll
 .text.xTaskResumeAll
                0x0000000008004c8c      0x138 ./src/OS/FreeRTOS_kernel/tasks.o
                0x0000000008004c8c                xTaskResumeAll
 .text.xTaskGetTickCount
                0x0000000008004dc4       0x20 ./src/OS/FreeRTOS_kernel/tasks.o
                0x0000000008004dc4                xTaskGetTickCount
 .text.pcTaskGetName
                0x0000000008004de4       0x48 ./src/OS/FreeRTOS_kernel/tasks.o
                0x0000000008004de4                pcTaskGetName
 .text.xTaskIncrementTick
                0x0000000008004e2c      0x178 ./src/OS/FreeRTOS_kernel/tasks.o
                0x0000000008004e2c                xTaskIncrementTick
 .text.vTaskSwitchContext
                0x0000000008004fa4       0xb4 ./src/OS/FreeRTOS_kernel/tasks.o
                0x0000000008004fa4                vTaskSwitchContext
 .text.vTaskPlaceOnEventList
                0x0000000008005058       0x48 ./src/OS/FreeRTOS_kernel/tasks.o
                0x0000000008005058                vTaskPlaceOnEventList
 .text.vTaskPlaceOnEventListRestricted
                0x00000000080050a0       0x54 ./src/OS/FreeRTOS_kernel/tasks.o
                0x00000000080050a0                vTaskPlaceOnEventListRestricted
 .text.xTaskRemoveFromEventList
                0x00000000080050f4       0xc4 ./src/OS/FreeRTOS_kernel/tasks.o
                0x00000000080050f4                xTaskRemoveFromEventList
 .text.vTaskSetTimeOutState
                0x00000000080051b8       0x48 ./src/OS/FreeRTOS_kernel/tasks.o
                0x00000000080051b8                vTaskSetTimeOutState
 .text.xTaskCheckForTimeOut
                0x0000000008005200       0xbc ./src/OS/FreeRTOS_kernel/tasks.o
                0x0000000008005200                xTaskCheckForTimeOut
 .text.vTaskMissedYield
                0x00000000080052bc       0x18 ./src/OS/FreeRTOS_kernel/tasks.o
                0x00000000080052bc                vTaskMissedYield
 .text.prvIdleTask
                0x00000000080052d4       0x30 ./src/OS/FreeRTOS_kernel/tasks.o
 .text.prvInitialiseTaskLists
                0x0000000008005304       0x80 ./src/OS/FreeRTOS_kernel/tasks.o
 .text.prvCheckTasksWaitingTermination
                0x0000000008005384       0x78 ./src/OS/FreeRTOS_kernel/tasks.o
 .text.prvDeleteTCB
                0x00000000080053fc       0x20 ./src/OS/FreeRTOS_kernel/tasks.o
 .text.prvResetNextTaskUnblockTime
                0x000000000800541c       0x4c ./src/OS/FreeRTOS_kernel/tasks.o
 .text.xTaskGetSchedulerState
                0x0000000008005468       0x3c ./src/OS/FreeRTOS_kernel/tasks.o
                0x0000000008005468                xTaskGetSchedulerState
 .text.vTaskPriorityInherit
                0x00000000080054a4       0xec ./src/OS/FreeRTOS_kernel/tasks.o
                0x00000000080054a4                vTaskPriorityInherit
 .text.xTaskPriorityDisinherit
                0x0000000008005590      0x108 ./src/OS/FreeRTOS_kernel/tasks.o
                0x0000000008005590                xTaskPriorityDisinherit
 .text.pvTaskIncrementMutexHeldCount
                0x0000000008005698       0x28 ./src/OS/FreeRTOS_kernel/tasks.o
                0x0000000008005698                pvTaskIncrementMutexHeldCount
 .text.prvAddCurrentTaskToDelayedList
                0x00000000080056c0       0xcc ./src/OS/FreeRTOS_kernel/tasks.o
 .text.xTimerCreateTimerTask
                0x000000000800578c       0x64 ./src/OS/FreeRTOS_kernel/timers.o
                0x000000000800578c                xTimerCreateTimerTask
 .text.xTimerGenericCommand
                0x00000000080057f0       0x98 ./src/OS/FreeRTOS_kernel/timers.o
                0x00000000080057f0                xTimerGenericCommand
 .text.prvProcessExpiredTimer
                0x0000000008005888       0x80 ./src/OS/FreeRTOS_kernel/timers.o
 .text.prvTimerTask
                0x0000000008005908       0x24 ./src/OS/FreeRTOS_kernel/timers.o
 .text.prvProcessTimerOrBlockTask
                0x000000000800592c       0x9c ./src/OS/FreeRTOS_kernel/timers.o
 .text.prvGetNextExpireTime
                0x00000000080059c8       0x48 ./src/OS/FreeRTOS_kernel/timers.o
 .text.prvSampleTimeNow
                0x0000000008005a10       0x40 ./src/OS/FreeRTOS_kernel/timers.o
 .text.prvInsertTimerInActiveList
                0x0000000008005a50       0x84 ./src/OS/FreeRTOS_kernel/timers.o
 .text.prvProcessReceivedCommands
                0x0000000008005ad4      0x124 ./src/OS/FreeRTOS_kernel/timers.o
 .text.prvSwitchTimerLists
                0x0000000008005bf8       0xc0 ./src/OS/FreeRTOS_kernel/timers.o
 .text.prvCheckForValidListAndQueue
                0x0000000008005cb8       0x6c ./src/OS/FreeRTOS_kernel/timers.o
 .text.PM_updateTimeCount
                0x0000000008005d24       0x74 ./src/MID/Performance Management/performancemanagement.o
                0x0000000008005d24                PM_updateTimeCount
 .text.arp_read
                0x0000000008005d98      0x158 ./src/MID/NetWork/arp.o
                0x0000000008005d98                arp_read
 .text.arp_send
                0x0000000008005ef0      0x140 ./src/MID/NetWork/arp.o
                0x0000000008005ef0                arp_send
 .text.arp_request
                0x0000000008006030      0x254 ./src/MID/NetWork/arp.o
                0x0000000008006030                arp_request
 .text.arp_table_fill
                0x0000000008006284      0x158 ./src/MID/NetWork/arp.o
                0x0000000008006284                arp_table_fill
 .text.net_ini  0x00000000080063dc       0x48 ./src/MID/NetWork/net.o
                0x00000000080063dc                net_ini
 .text.checksum
                0x0000000008006424       0xce ./src/MID/NetWork/net.o
                0x0000000008006424                checksum
 *fill*         0x00000000080064f2        0x2 
 .text.eth_send
                0x00000000080064f4       0x40 ./src/MID/NetWork/net.o
                0x00000000080064f4                eth_send
 .text.ip_send  0x0000000008006534       0x84 ./src/MID/NetWork/net.o
                0x0000000008006534                ip_send
 .text.icmp_read
                0x00000000080065b8      0x120 ./src/MID/NetWork/net.o
                0x00000000080065b8                icmp_read
 .text.ip_read  0x00000000080066d8       0x98 ./src/MID/NetWork/net.o
                0x00000000080066d8                ip_read
 .text.icmp_request
                0x0000000008006770      0x148 ./src/MID/NetWork/net.o
                0x0000000008006770                icmp_request
 .text.port_extract
                0x00000000080068b8       0x4a ./src/MID/NetWork/net.o
                0x00000000080068b8                port_extract
 .text.ip_extract
                0x0000000008006902      0x12e ./src/MID/NetWork/net.o
                0x0000000008006902                ip_extract
 .text.eth_read
                0x0000000008006a30      0x150 ./src/MID/NetWork/net.o
                0x0000000008006a30                eth_read
 .text.net_poll
                0x0000000008006b80       0x38 ./src/MID/NetWork/net.o
                0x0000000008006b80                net_poll
 .text.net_cmd  0x0000000008006bb8      0x178 ./src/MID/NetWork/net.o
                0x0000000008006bb8                net_cmd
 .text.HTML_prepare_web
                0x0000000008006d30      0x1b8 ./src/MID/NetWork/netmork.o
                0x0000000008006d30                HTML_prepare_web
 .text.ntp_read
                0x0000000008006ee8      0x100 ./src/MID/NetWork/ntp.o
                0x0000000008006ee8                ntp_read
 .text.ntp_request
                0x0000000008006fe8      0x134 ./src/MID/NetWork/ntp.o
                0x0000000008006fe8                ntp_request
 .text.tcp_header_prepare
                0x000000000800711c       0x98 ./src/MID/NetWork/tcp.o
                0x000000000800711c                tcp_header_prepare
 .text.ip_header_prepare
                0x00000000080071b4       0x8c ./src/MID/NetWork/tcp.o
                0x00000000080071b4                ip_header_prepare
 .text.tcp_send_synack
                0x0000000008007240      0x170 ./src/MID/NetWork/tcp.o
                0x0000000008007240                tcp_send_synack
 .text.tcp_send_finack
                0x00000000080073b0      0x18c ./src/MID/NetWork/tcp.o
                0x00000000080073b0                tcp_send_finack
 .text.tcp_send_data
                0x000000000800753c      0x230 ./src/MID/NetWork/tcp.o
                0x000000000800753c                tcp_send_data
 .text.tcp_send_http_one
                0x000000000800776c      0x338 ./src/MID/NetWork/tcp.o
                0x000000000800776c                tcp_send_http_one
 .text.tcp_send_http_first
                0x0000000008007aa4      0x284 ./src/MID/NetWork/tcp.o
                0x0000000008007aa4                tcp_send_http_first
 .text.tcp_send_http_middle
                0x0000000008007d28      0x204 ./src/MID/NetWork/tcp.o
                0x0000000008007d28                tcp_send_http_middle
 .text.tcp_send_http_last
                0x0000000008007f2c      0x2a8 ./src/MID/NetWork/tcp.o
                0x0000000008007f2c                tcp_send_http_last
 .text.tcp_send_http_dataend
                0x00000000080081d4       0x94 ./src/MID/NetWork/tcp.o
                0x00000000080081d4                tcp_send_http_dataend
 .text.tcp_read
                0x0000000008008268      0x378 ./src/MID/NetWork/tcp.o
                0x0000000008008268                tcp_read
 .text.udp_send
                0x00000000080085e0      0x108 ./src/MID/NetWork/udp.o
                0x00000000080085e0                udp_send
 .text.udp_reply
                0x00000000080086e8       0xdc ./src/MID/NetWork/udp.o
                0x00000000080086e8                udp_reply
 .text.udp_read
                0x00000000080087c4      0x174 ./src/MID/NetWork/udp.o
                0x00000000080087c4                udp_read
 .text.MNT_initialize
                0x0000000008008938       0x10 ./src/MID/Monitor/monitor.o
                0x0000000008008938                MNT_initialize
 .text.MNT_printBorder
                0x0000000008008948      0x33c ./src/MID/Monitor/monitor.o
                0x0000000008008948                MNT_printBorder
 .text.MNT_update
                0x0000000008008c84        0xe ./src/MID/Monitor/monitor.o
                0x0000000008008c84                MNT_update
 .text.MNT_Render
                0x0000000008008c92       0x10 ./src/MID/Monitor/monitor.o
                0x0000000008008c92                MNT_Render
 .text.CM_taskMonitorHandler
                0x0000000008008ca2       0x18 ./src/MID/ConfigManagement/configmanagement.o
                0x0000000008008ca2                CM_taskMonitorHandler
 .text.CM_taksTime
                0x0000000008008cba       0x16 ./src/MID/ConfigManagement/configmanagement.o
                0x0000000008008cba                CM_taksTime
 .text.CM_taskUpdateTemperature
                0x0000000008008cd0       0x16 ./src/MID/ConfigManagement/configmanagement.o
                0x0000000008008cd0                CM_taskUpdateTemperature
 *fill*         0x0000000008008ce6        0x2 
 .text.CM_taskBinlkLed
                0x0000000008008ce8       0x80 ./src/MID/ConfigManagement/configmanagement.o
                0x0000000008008ce8                CM_taskBinlkLed
 .text.CM_taskNetwork
                0x0000000008008d68        0xe ./src/MID/ConfigManagement/configmanagement.o
                0x0000000008008d68                CM_taskNetwork
 *fill*         0x0000000008008d76        0x2 
 .text.main     0x0000000008008d78      0x170 ./src/MID/main.o
                0x0000000008008d78                main
 .text          0x0000000008008ee8      0x370 /home/yama/GCCToolchain/gcc-arm-none-eabi-6-2017-q1-update/bin/../lib/gcc/arm-none-eabi/6.3.1/thumb/v7e-m/libgcc.a(_arm_addsubdf3.o)
                0x0000000008008ee8                __aeabi_drsub
                0x0000000008008ef0                __aeabi_dsub
                0x0000000008008ef0                __subdf3
                0x0000000008008ef4                __adddf3
                0x0000000008008ef4                __aeabi_dadd
                0x000000000800916c                __aeabi_ui2d
                0x000000000800916c                __floatunsidf
                0x000000000800918c                __floatsidf
                0x000000000800918c                __aeabi_i2d
                0x00000000080091b0                __extendsfdf2
                0x00000000080091b0                __aeabi_f2d
                0x00000000080091ec                __aeabi_ul2d
                0x00000000080091ec                __floatundidf
                0x00000000080091fc                __floatdidf
                0x00000000080091fc                __aeabi_l2d
 .text          0x0000000008009258      0x424 /home/yama/GCCToolchain/gcc-arm-none-eabi-6-2017-q1-update/bin/../lib/gcc/arm-none-eabi/6.3.1/thumb/v7e-m/libgcc.a(_arm_muldivdf3.o)
                0x0000000008009258                __aeabi_dmul
                0x0000000008009258                __muldf3
                0x00000000080094ac                __aeabi_ddiv
                0x00000000080094ac                __divdf3
 .text          0x000000000800967c       0xa0 /home/yama/GCCToolchain/gcc-arm-none-eabi-6-2017-q1-update/bin/../lib/gcc/arm-none-eabi/6.3.1/thumb/v7e-m/libgcc.a(_arm_truncdfsf2.o)
                0x000000000800967c                __aeabi_d2f
                0x000000000800967c                __truncdfsf2
 .text          0x000000000800971c       0xa0 /home/yama/GCCToolchain/gcc-arm-none-eabi-6-2017-q1-update/bin/../lib/gcc/arm-none-eabi/6.3.1/thumb/v7e-m/libgcc.a(_aeabi_ldivmod.o)
                0x000000000800971c                __aeabi_ldivmod
 .text          0x00000000080097bc      0x2dc /home/yama/GCCToolchain/gcc-arm-none-eabi-6-2017-q1-update/bin/../lib/gcc/arm-none-eabi/6.3.1/thumb/v7e-m/libgcc.a(_udivmoddi4.o)
                0x00000000080097bc                __udivmoddi4
 .text          0x0000000008009a98        0x4 /home/yama/GCCToolchain/gcc-arm-none-eabi-6-2017-q1-update/bin/../lib/gcc/arm-none-eabi/6.3.1/thumb/v7e-m/libgcc.a(_dvmd_tls.o)
                0x0000000008009a98                __aeabi_ldiv0
                0x0000000008009a98                __aeabi_idiv0
 .text.atoi     0x0000000008009a9c        0x8 /home/yama/GCCToolchain/gcc-arm-none-eabi-6-2017-q1-update/bin/../lib/gcc/arm-none-eabi/6.3.1/../../../../arm-none-eabi/lib/thumb/v7e-m/libg.a(lib_a-atoi.o)
                0x0000000008009a9c                atoi
 .text.__errno  0x0000000008009aa4        0xc /home/yama/GCCToolchain/gcc-arm-none-eabi-6-2017-q1-update/bin/../lib/gcc/arm-none-eabi/6.3.1/../../../../arm-none-eabi/lib/thumb/v7e-m/libg.a(lib_a-errno.o)
                0x0000000008009aa4                __errno
 .text.localtime
                0x0000000008009ab0       0x10 /home/yama/GCCToolchain/gcc-arm-none-eabi-6-2017-q1-update/bin/../lib/gcc/arm-none-eabi/6.3.1/../../../../arm-none-eabi/lib/thumb/v7e-m/libg.a(lib_a-lcltime.o)
                0x0000000008009ab0                localtime
 .text.localtime_r
                0x0000000008009ac0      0x238 /home/yama/GCCToolchain/gcc-arm-none-eabi-6-2017-q1-update/bin/../lib/gcc/arm-none-eabi/6.3.1/../../../../arm-none-eabi/lib/thumb/v7e-m/libg.a(lib_a-lcltime_r.o)
                0x0000000008009ac0                localtime_r
 .text.memcmp   0x0000000008009cf8       0x60 /home/yama/GCCToolchain/gcc-arm-none-eabi-6-2017-q1-update/bin/../lib/gcc/arm-none-eabi/6.3.1/../../../../arm-none-eabi/lib/thumb/v7e-m/libg.a(lib_a-memcmp.o)
                0x0000000008009cf8                memcmp
 .text          0x0000000008009d58      0x134 /home/yama/GCCToolchain/gcc-arm-none-eabi-6-2017-q1-update/bin/../lib/gcc/arm-none-eabi/6.3.1/../../../../arm-none-eabi/lib/thumb/v7e-m/libg.a(lib_a-memcpy.o)
                0x0000000008009d58                memcpy
 .text.memset   0x0000000008009e8c       0x9c /home/yama/GCCToolchain/gcc-arm-none-eabi-6-2017-q1-update/bin/../lib/gcc/arm-none-eabi/6.3.1/../../../../arm-none-eabi/lib/thumb/v7e-m/libg.a(lib_a-memset.o)
                0x0000000008009e8c                memset
 .text.rand     0x0000000008009f28       0x40 /home/yama/GCCToolchain/gcc-arm-none-eabi-6-2017-q1-update/bin/../lib/gcc/arm-none-eabi/6.3.1/../../../../arm-none-eabi/lib/thumb/v7e-m/libg.a(lib_a-rand.o)
                0x0000000008009f28                rand
 .text.sprintf  0x0000000008009f68       0x4c /home/yama/GCCToolchain/gcc-arm-none-eabi-6-2017-q1-update/bin/../lib/gcc/arm-none-eabi/6.3.1/../../../../arm-none-eabi/lib/thumb/v7e-m/libg.a(lib_a-sprintf.o)
                0x0000000008009f68                sprintf
 .text.strchr   0x0000000008009fb4       0xe8 /home/yama/GCCToolchain/gcc-arm-none-eabi-6-2017-q1-update/bin/../lib/gcc/arm-none-eabi/6.3.1/../../../../arm-none-eabi/lib/thumb/v7e-m/libg.a(lib_a-strchr.o)
                0x0000000008009fb4                strchr
 *fill*         0x000000000800a09c        0x4 
 .text          0x000000000800a0a0      0x2dc /home/yama/GCCToolchain/gcc-arm-none-eabi-6-2017-q1-update/bin/../lib/gcc/arm-none-eabi/6.3.1/../../../../arm-none-eabi/lib/thumb/v7e-m/libg.a(lib_a-strcmp.o)
                0x000000000800a0a8                strcmp
 *fill*         0x000000000800a37c        0x4 
 .text          0x000000000800a380       0xdc /home/yama/GCCToolchain/gcc-arm-none-eabi-6-2017-q1-update/bin/../lib/gcc/arm-none-eabi/6.3.1/../../../../arm-none-eabi/lib/thumb/v7e-m/libg.a(lib_a-strlen.o)
                0x000000000800a380                strlen
 .text.strncmp  0x000000000800a45c       0xa4 /home/yama/GCCToolchain/gcc-arm-none-eabi-6-2017-q1-update/bin/../lib/gcc/arm-none-eabi/6.3.1/../../../../arm-none-eabi/lib/thumb/v7e-m/libg.a(lib_a-strncmp.o)
                0x000000000800a45c                strncmp
 .text.strncpy  0x000000000800a500       0x64 /home/yama/GCCToolchain/gcc-arm-none-eabi-6-2017-q1-update/bin/../lib/gcc/arm-none-eabi/6.3.1/../../../../arm-none-eabi/lib/thumb/v7e-m/libg.a(lib_a-strncpy.o)
                0x000000000800a500                strncpy
 .text._strtol_l.isra.0
                0x000000000800a564      0x128 /home/yama/GCCToolchain/gcc-arm-none-eabi-6-2017-q1-update/bin/../lib/gcc/arm-none-eabi/6.3.1/../../../../arm-none-eabi/lib/thumb/v7e-m/libg.a(lib_a-strtol.o)
 .text._strtol_r
                0x000000000800a68c       0x24 /home/yama/GCCToolchain/gcc-arm-none-eabi-6-2017-q1-update/bin/../lib/gcc/arm-none-eabi/6.3.1/../../../../arm-none-eabi/lib/thumb/v7e-m/libg.a(lib_a-strtol.o)
                0x000000000800a68c                _strtol_r
 .text.strtol   0x000000000800a6b0       0x2c /home/yama/GCCToolchain/gcc-arm-none-eabi-6-2017-q1-update/bin/../lib/gcc/arm-none-eabi/6.3.1/../../../../arm-none-eabi/lib/thumb/v7e-m/libg.a(lib_a-strtol.o)
                0x000000000800a6b0                strtol
 .text._svfprintf_r
                0x000000000800a6dc     0x144c /home/yama/GCCToolchain/gcc-arm-none-eabi-6-2017-q1-update/bin/../lib/gcc/arm-none-eabi/6.3.1/../../../../arm-none-eabi/lib/thumb/v7e-m/libg.a(lib_a-svfprintf.o)
                0x000000000800a6dc                _svfprintf_r
 .text.__tzcalc_limits
                0x000000000800bb28      0x184 /home/yama/GCCToolchain/gcc-arm-none-eabi-6-2017-q1-update/bin/../lib/gcc/arm-none-eabi/6.3.1/../../../../arm-none-eabi/lib/thumb/v7e-m/libg.a(lib_a-tzcalc_limits.o)
                0x000000000800bb28                __tzcalc_limits
 .text.__tz_lock
                0x000000000800bcac        0xc /home/yama/GCCToolchain/gcc-arm-none-eabi-6-2017-q1-update/bin/../lib/gcc/arm-none-eabi/6.3.1/../../../../arm-none-eabi/lib/thumb/v7e-m/libg.a(lib_a-tzlock.o)
                0x000000000800bcac                __tz_lock
 .text.__tz_unlock
                0x000000000800bcb8        0xc /home/yama/GCCToolchain/gcc-arm-none-eabi-6-2017-q1-update/bin/../lib/gcc/arm-none-eabi/6.3.1/../../../../arm-none-eabi/lib/thumb/v7e-m/libg.a(lib_a-tzlock.o)
                0x000000000800bcb8                __tz_unlock
 .text._tzset_unlocked
                0x000000000800bcc4        0xc /home/yama/GCCToolchain/gcc-arm-none-eabi-6-2017-q1-update/bin/../lib/gcc/arm-none-eabi/6.3.1/../../../../arm-none-eabi/lib/thumb/v7e-m/libg.a(lib_a-tzset.o)
                0x000000000800bcc4                _tzset_unlocked
 .text._tzset_unlocked_r
                0x000000000800bcd0      0x32c /home/yama/GCCToolchain/gcc-arm-none-eabi-6-2017-q1-update/bin/../lib/gcc/arm-none-eabi/6.3.1/../../../../arm-none-eabi/lib/thumb/v7e-m/libg.a(lib_a-tzset_r.o)
                0x000000000800bcd0                _tzset_unlocked_r
 .text._vsnprintf_r
                0x000000000800bffc       0x74 /home/yama/GCCToolchain/gcc-arm-none-eabi-6-2017-q1-update/bin/../lib/gcc/arm-none-eabi/6.3.1/../../../../arm-none-eabi/lib/thumb/v7e-m/libg.a(lib_a-vsnprintf.o)
                0x000000000800bffc                _vsnprintf_r
 .text.vsnprintf
                0x000000000800c070       0x20 /home/yama/GCCToolchain/gcc-arm-none-eabi-6-2017-q1-update/bin/../lib/gcc/arm-none-eabi/6.3.1/../../../../arm-none-eabi/lib/thumb/v7e-m/libg.a(lib_a-vsnprintf.o)
                0x000000000800c070                vsnprintf
 .text.startup.register_fini
                0x000000000800c090       0x14 /home/yama/GCCToolchain/gcc-arm-none-eabi-6-2017-q1-update/bin/../lib/gcc/arm-none-eabi/6.3.1/../../../../arm-none-eabi/lib/thumb/v7e-m/libg.a(lib_a-__call_atexit.o)
 .text.atexit   0x000000000800c0a4        0xc /home/yama/GCCToolchain/gcc-arm-none-eabi-6-2017-q1-update/bin/../lib/gcc/arm-none-eabi/6.3.1/../../../../arm-none-eabi/lib/thumb/v7e-m/libg.a(lib_a-atexit.o)
                0x000000000800c0a4                atexit
 .text.quorem   0x000000000800c0b0      0x128 /home/yama/GCCToolchain/gcc-arm-none-eabi-6-2017-q1-update/bin/../lib/gcc/arm-none-eabi/6.3.1/../../../../arm-none-eabi/lib/thumb/v7e-m/libg.a(lib_a-dtoa.o)
 .text._dtoa_r  0x000000000800c1d8      0xe54 /home/yama/GCCToolchain/gcc-arm-none-eabi-6-2017-q1-update/bin/../lib/gcc/arm-none-eabi/6.3.1/../../../../arm-none-eabi/lib/thumb/v7e-m/libg.a(lib_a-dtoa.o)
                0x000000000800c1d8                _dtoa_r
 .text.__libc_fini_array
                0x000000000800d02c       0x34 /home/yama/GCCToolchain/gcc-arm-none-eabi-6-2017-q1-update/bin/../lib/gcc/arm-none-eabi/6.3.1/../../../../arm-none-eabi/lib/thumb/v7e-m/libg.a(lib_a-fini.o)
                0x000000000800d02c                __libc_fini_array
 .text._findenv_r
                0x000000000800d060       0x7c /home/yama/GCCToolchain/gcc-arm-none-eabi-6-2017-q1-update/bin/../lib/gcc/arm-none-eabi/6.3.1/../../../../arm-none-eabi/lib/thumb/v7e-m/libg.a(lib_a-getenv_r.o)
                0x000000000800d060                _findenv_r
 .text._getenv_r
                0x000000000800d0dc       0x10 /home/yama/GCCToolchain/gcc-arm-none-eabi-6-2017-q1-update/bin/../lib/gcc/arm-none-eabi/6.3.1/../../../../arm-none-eabi/lib/thumb/v7e-m/libg.a(lib_a-getenv_r.o)
                0x000000000800d0dc                _getenv_r
 .text.__gettzinfo
                0x000000000800d0ec        0x8 /home/yama/GCCToolchain/gcc-arm-none-eabi-6-2017-q1-update/bin/../lib/gcc/arm-none-eabi/6.3.1/../../../../arm-none-eabi/lib/thumb/v7e-m/libg.a(lib_a-gettzinfo.o)
                0x000000000800d0ec                __gettzinfo
 .text.gmtime_r
                0x000000000800d0f4      0x1d4 /home/yama/GCCToolchain/gcc-arm-none-eabi-6-2017-q1-update/bin/../lib/gcc/arm-none-eabi/6.3.1/../../../../arm-none-eabi/lib/thumb/v7e-m/libg.a(lib_a-gmtime_r.o)
                0x000000000800d0f4                gmtime_r
 .text.__locale_mb_cur_max
                0x000000000800d2c8       0x1c /home/yama/GCCToolchain/gcc-arm-none-eabi-6-2017-q1-update/bin/../lib/gcc/arm-none-eabi/6.3.1/../../../../arm-none-eabi/lib/thumb/v7e-m/libg.a(lib_a-locale.o)
                0x000000000800d2c8                __locale_mb_cur_max
 .text.__locale_ctype_ptr_l
                0x000000000800d2e4        0x8 /home/yama/GCCToolchain/gcc-arm-none-eabi-6-2017-q1-update/bin/../lib/gcc/arm-none-eabi/6.3.1/../../../../arm-none-eabi/lib/thumb/v7e-m/libg.a(lib_a-locale.o)
                0x000000000800d2e4                __locale_ctype_ptr_l
 .text.__locale_ctype_ptr
                0x000000000800d2ec       0x1c /home/yama/GCCToolchain/gcc-arm-none-eabi-6-2017-q1-update/bin/../lib/gcc/arm-none-eabi/6.3.1/../../../../arm-none-eabi/lib/thumb/v7e-m/libg.a(lib_a-locale.o)
                0x000000000800d2ec                __locale_ctype_ptr
 .text._localeconv_r
                0x000000000800d308       0x1c /home/yama/GCCToolchain/gcc-arm-none-eabi-6-2017-q1-update/bin/../lib/gcc/arm-none-eabi/6.3.1/../../../../arm-none-eabi/lib/thumb/v7e-m/libg.a(lib_a-localeconv.o)
                0x000000000800d308                _localeconv_r
 .text.__retarget_lock_acquire
                0x000000000800d324        0x4 /home/yama/GCCToolchain/gcc-arm-none-eabi-6-2017-q1-update/bin/../lib/gcc/arm-none-eabi/6.3.1/../../../../arm-none-eabi/lib/thumb/v7e-m/libg.a(lib_a-lock.o)
                0x000000000800d324                __retarget_lock_acquire
 .text.__retarget_lock_acquire_recursive
                0x000000000800d328        0x4 /home/yama/GCCToolchain/gcc-arm-none-eabi-6-2017-q1-update/bin/../lib/gcc/arm-none-eabi/6.3.1/../../../../arm-none-eabi/lib/thumb/v7e-m/libg.a(lib_a-lock.o)
                0x000000000800d328                __retarget_lock_acquire_recursive
 .text.__retarget_lock_release
                0x000000000800d32c        0x4 /home/yama/GCCToolchain/gcc-arm-none-eabi-6-2017-q1-update/bin/../lib/gcc/arm-none-eabi/6.3.1/../../../../arm-none-eabi/lib/thumb/v7e-m/libg.a(lib_a-lock.o)
                0x000000000800d32c                __retarget_lock_release
 .text.__retarget_lock_release_recursive
                0x000000000800d330        0x4 /home/yama/GCCToolchain/gcc-arm-none-eabi-6-2017-q1-update/bin/../lib/gcc/arm-none-eabi/6.3.1/../../../../arm-none-eabi/lib/thumb/v7e-m/libg.a(lib_a-lock.o)
                0x000000000800d330                __retarget_lock_release_recursive
 .text.malloc   0x000000000800d334       0x10 /home/yama/GCCToolchain/gcc-arm-none-eabi-6-2017-q1-update/bin/../lib/gcc/arm-none-eabi/6.3.1/../../../../arm-none-eabi/lib/thumb/v7e-m/libg.a(lib_a-malloc.o)
                0x000000000800d334                malloc
 .text.free     0x000000000800d344       0x10 /home/yama/GCCToolchain/gcc-arm-none-eabi-6-2017-q1-update/bin/../lib/gcc/arm-none-eabi/6.3.1/../../../../arm-none-eabi/lib/thumb/v7e-m/libg.a(lib_a-malloc.o)
                0x000000000800d344                free
 .text._malloc_r
                0x000000000800d354      0x560 /home/yama/GCCToolchain/gcc-arm-none-eabi-6-2017-q1-update/bin/../lib/gcc/arm-none-eabi/6.3.1/../../../../arm-none-eabi/lib/thumb/v7e-m/libg.a(lib_a-mallocr.o)
                0x000000000800d354                _malloc_r
 .text.__ascii_mbtowc
                0x000000000800d8b4       0x2c /home/yama/GCCToolchain/gcc-arm-none-eabi-6-2017-q1-update/bin/../lib/gcc/arm-none-eabi/6.3.1/../../../../arm-none-eabi/lib/thumb/v7e-m/libg.a(lib_a-mbtowc_r.o)
                0x000000000800d8b4                __ascii_mbtowc
 .text          0x000000000800d8e0       0xa0 /home/yama/GCCToolchain/gcc-arm-none-eabi-6-2017-q1-update/bin/../lib/gcc/arm-none-eabi/6.3.1/../../../../arm-none-eabi/lib/thumb/v7e-m/libg.a(lib_a-memchr.o)
                0x000000000800d8e0                memchr
 .text.__malloc_lock
                0x000000000800d980        0xc /home/yama/GCCToolchain/gcc-arm-none-eabi-6-2017-q1-update/bin/../lib/gcc/arm-none-eabi/6.3.1/../../../../arm-none-eabi/lib/thumb/v7e-m/libg.a(lib_a-mlock.o)
                0x000000000800d980                __malloc_lock
 .text.__malloc_unlock
                0x000000000800d98c        0xc /home/yama/GCCToolchain/gcc-arm-none-eabi-6-2017-q1-update/bin/../lib/gcc/arm-none-eabi/6.3.1/../../../../arm-none-eabi/lib/thumb/v7e-m/libg.a(lib_a-mlock.o)
                0x000000000800d98c                __malloc_unlock
 .text._Balloc  0x000000000800d998       0x4c /home/yama/GCCToolchain/gcc-arm-none-eabi-6-2017-q1-update/bin/../lib/gcc/arm-none-eabi/6.3.1/../../../../arm-none-eabi/lib/thumb/v7e-m/libg.a(lib_a-mprec.o)
                0x000000000800d998                _Balloc
 .text._Bfree   0x000000000800d9e4       0x14 /home/yama/GCCToolchain/gcc-arm-none-eabi-6-2017-q1-update/bin/../lib/gcc/arm-none-eabi/6.3.1/../../../../arm-none-eabi/lib/thumb/v7e-m/libg.a(lib_a-mprec.o)
                0x000000000800d9e4                _Bfree
 .text.__multadd
                0x000000000800d9f8       0x80 /home/yama/GCCToolchain/gcc-arm-none-eabi-6-2017-q1-update/bin/../lib/gcc/arm-none-eabi/6.3.1/../../../../arm-none-eabi/lib/thumb/v7e-m/libg.a(lib_a-mprec.o)
                0x000000000800d9f8                __multadd
 .text.__hi0bits
                0x000000000800da78       0x40 /home/yama/GCCToolchain/gcc-arm-none-eabi-6-2017-q1-update/bin/../lib/gcc/arm-none-eabi/6.3.1/../../../../arm-none-eabi/lib/thumb/v7e-m/libg.a(lib_a-mprec.o)
                0x000000000800da78                __hi0bits
 .text.__lo0bits
                0x000000000800dab8       0x60 /home/yama/GCCToolchain/gcc-arm-none-eabi-6-2017-q1-update/bin/../lib/gcc/arm-none-eabi/6.3.1/../../../../arm-none-eabi/lib/thumb/v7e-m/libg.a(lib_a-mprec.o)
                0x000000000800dab8                __lo0bits
 .text.__i2b    0x000000000800db18       0x14 /home/yama/GCCToolchain/gcc-arm-none-eabi-6-2017-q1-update/bin/../lib/gcc/arm-none-eabi/6.3.1/../../../../arm-none-eabi/lib/thumb/v7e-m/libg.a(lib_a-mprec.o)
                0x000000000800db18                __i2b
 .text.__multiply
                0x000000000800db2c      0x124 /home/yama/GCCToolchain/gcc-arm-none-eabi-6-2017-q1-update/bin/../lib/gcc/arm-none-eabi/6.3.1/../../../../arm-none-eabi/lib/thumb/v7e-m/libg.a(lib_a-mprec.o)
                0x000000000800db2c                __multiply
 .text.__pow5mult
                0x000000000800dc50       0xa0 /home/yama/GCCToolchain/gcc-arm-none-eabi-6-2017-q1-update/bin/../lib/gcc/arm-none-eabi/6.3.1/../../../../arm-none-eabi/lib/thumb/v7e-m/libg.a(lib_a-mprec.o)
                0x000000000800dc50                __pow5mult
 .text.__lshift
                0x000000000800dcf0       0xa4 /home/yama/GCCToolchain/gcc-arm-none-eabi-6-2017-q1-update/bin/../lib/gcc/arm-none-eabi/6.3.1/../../../../arm-none-eabi/lib/thumb/v7e-m/libg.a(lib_a-mprec.o)
                0x000000000800dcf0                __lshift
 .text.__mcmp   0x000000000800dd94       0x38 /home/yama/GCCToolchain/gcc-arm-none-eabi-6-2017-q1-update/bin/../lib/gcc/arm-none-eabi/6.3.1/../../../../arm-none-eabi/lib/thumb/v7e-m/libg.a(lib_a-mprec.o)
                0x000000000800dd94                __mcmp
 .text.__mdiff  0x000000000800ddcc      0x108 /home/yama/GCCToolchain/gcc-arm-none-eabi-6-2017-q1-update/bin/../lib/gcc/arm-none-eabi/6.3.1/../../../../arm-none-eabi/lib/thumb/v7e-m/libg.a(lib_a-mprec.o)
                0x000000000800ddcc                __mdiff
 .text.__d2b    0x000000000800ded4       0xb8 /home/yama/GCCToolchain/gcc-arm-none-eabi-6-2017-q1-update/bin/../lib/gcc/arm-none-eabi/6.3.1/../../../../arm-none-eabi/lib/thumb/v7e-m/libg.a(lib_a-mprec.o)
                0x000000000800ded4                __d2b
 .text._sbrk_r  0x000000000800df8c       0x24 /home/yama/GCCToolchain/gcc-arm-none-eabi-6-2017-q1-update/bin/../lib/gcc/arm-none-eabi/6.3.1/../../../../arm-none-eabi/lib/thumb/v7e-m/libg.a(lib_a-sbrkr.o)
                0x000000000800df8c                _sbrk_r
 .text.siscanf  0x000000000800dfb0       0x58 /home/yama/GCCToolchain/gcc-arm-none-eabi-6-2017-q1-update/bin/../lib/gcc/arm-none-eabi/6.3.1/../../../../arm-none-eabi/lib/thumb/v7e-m/libg.a(lib_a-siscanf.o)
                0x000000000800dfb0                siscanf
 .text.__seofread
                0x000000000800e008        0x4 /home/yama/GCCToolchain/gcc-arm-none-eabi-6-2017-q1-update/bin/../lib/gcc/arm-none-eabi/6.3.1/../../../../arm-none-eabi/lib/thumb/v7e-m/libg.a(lib_a-stdio.o)
                0x000000000800e008                __seofread
 .text.strcpy   0x000000000800e00c       0xbc /home/yama/GCCToolchain/gcc-arm-none-eabi-6-2017-q1-update/bin/../lib/gcc/arm-none-eabi/6.3.1/../../../../arm-none-eabi/lib/thumb/v7e-m/libg.a(lib_a-strcpy.o)
                0x000000000800e00c                strcpy
 .text._strtoul_l.isra.0
                0x000000000800e0c8      0x148 /home/yama/GCCToolchain/gcc-arm-none-eabi-6-2017-q1-update/bin/../lib/gcc/arm-none-eabi/6.3.1/../../../../arm-none-eabi/lib/thumb/v7e-m/libg.a(lib_a-strtoul.o)
 .text._strtoul_r
                0x000000000800e210       0x24 /home/yama/GCCToolchain/gcc-arm-none-eabi-6-2017-q1-update/bin/../lib/gcc/arm-none-eabi/6.3.1/../../../../arm-none-eabi/lib/thumb/v7e-m/libg.a(lib_a-strtoul.o)
                0x000000000800e210                _strtoul_r
 .text.strtoul  0x000000000800e234       0x2c /home/yama/GCCToolchain/gcc-arm-none-eabi-6-2017-q1-update/bin/../lib/gcc/arm-none-eabi/6.3.1/../../../../arm-none-eabi/lib/thumb/v7e-m/libg.a(lib_a-strtoul.o)
                0x000000000800e234                strtoul
 .text.__ssprint_r
                0x000000000800e260       0xfc /home/yama/GCCToolchain/gcc-arm-none-eabi-6-2017-q1-update/bin/../lib/gcc/arm-none-eabi/6.3.1/../../../../arm-none-eabi/lib/thumb/v7e-m/libg.a(lib_a-svfiprintf.o)
                0x000000000800e260                __ssprint_r
 .text._sungetc_r
                0x000000000800e35c       0x80 /home/yama/GCCToolchain/gcc-arm-none-eabi-6-2017-q1-update/bin/../lib/gcc/arm-none-eabi/6.3.1/../../../../arm-none-eabi/lib/thumb/v7e-m/libg.a(lib_a-svfiscanf.o)
                0x000000000800e35c                _sungetc_r
 .text.__ssrefill_r
                0x000000000800e3dc       0x3c /home/yama/GCCToolchain/gcc-arm-none-eabi-6-2017-q1-update/bin/../lib/gcc/arm-none-eabi/6.3.1/../../../../arm-none-eabi/lib/thumb/v7e-m/libg.a(lib_a-svfiscanf.o)
                0x000000000800e3dc                __ssrefill_r
 .text._sfread_r
                0x000000000800e418       0x80 /home/yama/GCCToolchain/gcc-arm-none-eabi-6-2017-q1-update/bin/../lib/gcc/arm-none-eabi/6.3.1/../../../../arm-none-eabi/lib/thumb/v7e-m/libg.a(lib_a-svfiscanf.o)
                0x000000000800e418                _sfread_r
 .text.__ssvfiscanf_r
                0x000000000800e498      0x9a0 /home/yama/GCCToolchain/gcc-arm-none-eabi-6-2017-q1-update/bin/../lib/gcc/arm-none-eabi/6.3.1/../../../../arm-none-eabi/lib/thumb/v7e-m/libg.a(lib_a-svfiscanf.o)
                0x000000000800e498                __ssvfiscanf_r
 .text.__submore
                0x000000000800ee38       0x78 /home/yama/GCCToolchain/gcc-arm-none-eabi-6-2017-q1-update/bin/../lib/gcc/arm-none-eabi/6.3.1/../../../../arm-none-eabi/lib/thumb/v7e-m/libg.a(lib_a-ungetc.o)
                0x000000000800ee38                __submore
 .text.__ascii_wctomb
                0x000000000800eeb0       0x1c /home/yama/GCCToolchain/gcc-arm-none-eabi-6-2017-q1-update/bin/../lib/gcc/arm-none-eabi/6.3.1/../../../../arm-none-eabi/lib/thumb/v7e-m/libg.a(lib_a-wctomb_r.o)
                0x000000000800eeb0                __ascii_wctomb
 .text.__register_exitproc
                0x000000000800eecc       0xc4 /home/yama/GCCToolchain/gcc-arm-none-eabi-6-2017-q1-update/bin/../lib/gcc/arm-none-eabi/6.3.1/../../../../arm-none-eabi/lib/thumb/v7e-m/libg.a(lib_a-__atexit.o)
                0x000000000800eecc                __register_exitproc
 .text._calloc_r
                0x000000000800ef90       0x60 /home/yama/GCCToolchain/gcc-arm-none-eabi-6-2017-q1-update/bin/../lib/gcc/arm-none-eabi/6.3.1/../../../../arm-none-eabi/lib/thumb/v7e-m/libg.a(lib_a-callocr.o)
                0x000000000800ef90                _calloc_r
 .text.__env_lock
                0x000000000800eff0        0xc /home/yama/GCCToolchain/gcc-arm-none-eabi-6-2017-q1-update/bin/../lib/gcc/arm-none-eabi/6.3.1/../../../../arm-none-eabi/lib/thumb/v7e-m/libg.a(lib_a-envlock.o)
                0x000000000800eff0                __env_lock
 .text.__env_unlock
                0x000000000800effc        0xc /home/yama/GCCToolchain/gcc-arm-none-eabi-6-2017-q1-update/bin/../lib/gcc/arm-none-eabi/6.3.1/../../../../arm-none-eabi/lib/thumb/v7e-m/libg.a(lib_a-envlock.o)
                0x000000000800effc                __env_unlock
 .text._malloc_trim_r
                0x000000000800f008       0xa0 /home/yama/GCCToolchain/gcc-arm-none-eabi-6-2017-q1-update/bin/../lib/gcc/arm-none-eabi/6.3.1/../../../../arm-none-eabi/lib/thumb/v7e-m/libg.a(lib_a-freer.o)
                0x000000000800f008                _malloc_trim_r
 .text._free_r  0x000000000800f0a8      0x1cc /home/yama/GCCToolchain/gcc-arm-none-eabi-6-2017-q1-update/bin/../lib/gcc/arm-none-eabi/6.3.1/../../../../arm-none-eabi/lib/thumb/v7e-m/libg.a(lib_a-freer.o)
                0x000000000800f0a8                _free_r
 .text.iswspace
                0x000000000800f274       0x1c /home/yama/GCCToolchain/gcc-arm-none-eabi-6-2017-q1-update/bin/../lib/gcc/arm-none-eabi/6.3.1/../../../../arm-none-eabi/lib/thumb/v7e-m/libg.a(lib_a-iswspace.o)
                0x000000000800f274                iswspace
 .text._mbrtowc_r
                0x000000000800f290       0x5c /home/yama/GCCToolchain/gcc-arm-none-eabi-6-2017-q1-update/bin/../lib/gcc/arm-none-eabi/6.3.1/../../../../arm-none-eabi/lib/thumb/v7e-m/libg.a(lib_a-mbrtowc.o)
                0x000000000800f290                _mbrtowc_r
 .text.memmove  0x000000000800f2ec       0xc8 /home/yama/GCCToolchain/gcc-arm-none-eabi-6-2017-q1-update/bin/../lib/gcc/arm-none-eabi/6.3.1/../../../../arm-none-eabi/lib/thumb/v7e-m/libg.a(lib_a-memmove.o)
                0x000000000800f2ec                memmove
 .text._realloc_r
                0x000000000800f3b4      0x34c /home/yama/GCCToolchain/gcc-arm-none-eabi-6-2017-q1-update/bin/../lib/gcc/arm-none-eabi/6.3.1/../../../../arm-none-eabi/lib/thumb/v7e-m/libg.a(lib_a-reallocr.o)
                0x000000000800f3b4                _realloc_r
 .text.__sccl   0x000000000800f700       0x74 /home/yama/GCCToolchain/gcc-arm-none-eabi-6-2017-q1-update/bin/../lib/gcc/arm-none-eabi/6.3.1/../../../../arm-none-eabi/lib/thumb/v7e-m/libg.a(lib_a-sccl.o)
                0x000000000800f700                __sccl
 .text._strtoll_l.isra.0
                0x000000000800f774      0x19c /home/yama/GCCToolchain/gcc-arm-none-eabi-6-2017-q1-update/bin/../lib/gcc/arm-none-eabi/6.3.1/../../../../arm-none-eabi/lib/thumb/v7e-m/libg.a(lib_a-strtoll.o)
 .text._strtoll_r
                0x000000000800f910       0x24 /home/yama/GCCToolchain/gcc-arm-none-eabi-6-2017-q1-update/bin/../lib/gcc/arm-none-eabi/6.3.1/../../../../arm-none-eabi/lib/thumb/v7e-m/libg.a(lib_a-strtoll.o)
                0x000000000800f910                _strtoll_r
 .text._strtoull_l.isra.0
                0x000000000800f934      0x1bc /home/yama/GCCToolchain/gcc-arm-none-eabi-6-2017-q1-update/bin/../lib/gcc/arm-none-eabi/6.3.1/../../../../arm-none-eabi/lib/thumb/v7e-m/libg.a(lib_a-strtoull.o)
 .text._strtoull_r
                0x000000000800faf0       0x24 /home/yama/GCCToolchain/gcc-arm-none-eabi-6-2017-q1-update/bin/../lib/gcc/arm-none-eabi/6.3.1/../../../../arm-none-eabi/lib/thumb/v7e-m/libg.a(lib_a-strtoull.o)
                0x000000000800faf0                _strtoull_r
 .text          0x000000000800fb14      0x110 /home/yama/GCCToolchain/gcc-arm-none-eabi-6-2017-q1-update/bin/../lib/gcc/arm-none-eabi/6.3.1/thumb/v7e-m/libgcc.a(_arm_cmpdf2.o)
                0x000000000800fb14                __gtdf2
                0x000000000800fb14                __gedf2
                0x000000000800fb1c                __ltdf2
                0x000000000800fb1c                __ledf2
                0x000000000800fb24                __cmpdf2
                0x000000000800fb24                __eqdf2
                0x000000000800fb24                __nedf2
                0x000000000800fba0                __aeabi_cdrcmple
                0x000000000800fbb0                __aeabi_cdcmple
                0x000000000800fbb0                __aeabi_cdcmpeq
                0x000000000800fbc0                __aeabi_dcmpeq
                0x000000000800fbd4                __aeabi_dcmplt
                0x000000000800fbe8                __aeabi_dcmple
                0x000000000800fbfc                __aeabi_dcmpge
                0x000000000800fc10                __aeabi_dcmpgt
 .text          0x000000000800fc24       0x2c /home/yama/GCCToolchain/gcc-arm-none-eabi-6-2017-q1-update/bin/../lib/gcc/arm-none-eabi/6.3.1/thumb/v7e-m/libgcc.a(_arm_unorddf2.o)
                0x000000000800fc24                __aeabi_dcmpun
                0x000000000800fc24                __unorddf2
 .text          0x000000000800fc50       0x50 /home/yama/GCCToolchain/gcc-arm-none-eabi-6-2017-q1-update/bin/../lib/gcc/arm-none-eabi/6.3.1/thumb/v7e-m/libgcc.a(_arm_fixdfsi.o)
                0x000000000800fc50                __fixdfsi
                0x000000000800fc50                __aeabi_d2iz
 .text          0x000000000800fca0       0x30 /home/yama/GCCToolchain/gcc-arm-none-eabi-6-2017-q1-update/bin/../lib/gcc/arm-none-eabi/6.3.1/thumb/v7e-m/libgcc.a(_aeabi_uldivmod.o)
                0x000000000800fca0                __aeabi_uldivmod
                0x000000000800fcd0                _flash_e = .
 *(.init)
 .init          0x000000000800fcd0        0x4 /home/yama/GCCToolchain/gcc-arm-none-eabi-6-2017-q1-update/bin/../lib/gcc/arm-none-eabi/6.3.1/thumb/v7e-m/crti.o
                0x000000000800fcd0                _init
 .init          0x000000000800fcd4        0x8 /home/yama/GCCToolchain/gcc-arm-none-eabi-6-2017-q1-update/bin/../lib/gcc/arm-none-eabi/6.3.1/thumb/v7e-m/crtn.o
 *(.fini)
 .fini          0x000000000800fcdc        0x4 /home/yama/GCCToolchain/gcc-arm-none-eabi-6-2017-q1-update/bin/../lib/gcc/arm-none-eabi/6.3.1/thumb/v7e-m/crti.o
                0x000000000800fcdc                _fini
 .fini          0x000000000800fce0        0x8 /home/yama/GCCToolchain/gcc-arm-none-eabi-6-2017-q1-update/bin/../lib/gcc/arm-none-eabi/6.3.1/thumb/v7e-m/crtn.o
 *crtbegin.o(.ctors)
 *crtbegin?.o(.ctors)
 *(EXCLUDE_FILE(*crtend.o *crtend?.o) .ctors)
 *(SORT(.ctors.*))
 *(.ctors)
 *crtbegin.o(.dtors)
 *crtbegin?.o(.dtors)
 *(EXCLUDE_FILE(*crtend.o *crtend?.o) .dtors)
 *(SORT(.dtors.*))
 *(.dtors)
 *(.rodata*)
 .rodata        0x000000000800fce8       0x32 ./src/semihosting/console/console_serial_trace.o
 *fill*         0x000000000800fd1a        0x2 
 .rodata        0x000000000800fd1c       0x96 ./src/PHY/Peripheral/EthernetENC28J60/enc28j60.o
 *fill*         0x000000000800fdb2        0x2 
 .rodata        0x000000000800fdb4       0xe4 ./src/PHY/Peripheral/EthernetENC28J60/enc28j60_spi.o
 .rodata        0x000000000800fe98       0x5a ./src/PHY/Lib/cmsis_lib/stm32f4xx/stm32f4xx_adc.o
 *fill*         0x000000000800fef2        0x2 
 .rodata.__FUNCTION__.6860
                0x000000000800fef4        0x9 ./src/PHY/Lib/cmsis_lib/stm32f4xx/stm32f4xx_adc.o
 *fill*         0x000000000800fefd        0x3 
 .rodata.__FUNCTION__.6876
                0x000000000800ff00        0xf ./src/PHY/Lib/cmsis_lib/stm32f4xx/stm32f4xx_adc.o
 *fill*         0x000000000800ff0f        0x1 
 .rodata.__FUNCTION__.6888
                0x000000000800ff10        0x8 ./src/PHY/Lib/cmsis_lib/stm32f4xx/stm32f4xx_adc.o
 .rodata.__FUNCTION__.6919
                0x000000000800ff18       0x19 ./src/PHY/Lib/cmsis_lib/stm32f4xx/stm32f4xx_adc.o
 *fill*         0x000000000800ff31        0x3 
 .rodata.__FUNCTION__.6934
                0x000000000800ff34       0x19 ./src/PHY/Lib/cmsis_lib/stm32f4xx/stm32f4xx_adc.o
 *fill*         0x000000000800ff4d        0x3 
 .rodata.__FUNCTION__.6942
                0x000000000800ff50       0x16 ./src/PHY/Lib/cmsis_lib/stm32f4xx/stm32f4xx_adc.o
 *fill*         0x000000000800ff66        0x2 
 .rodata.__FUNCTION__.6983
                0x000000000800ff68       0x17 ./src/PHY/Lib/cmsis_lib/stm32f4xx/stm32f4xx_adc.o
 *fill*         0x000000000800ff7f        0x1 
 .rodata.__FUNCTION__.7104
                0x000000000800ff80       0x12 ./src/PHY/Lib/cmsis_lib/stm32f4xx/stm32f4xx_adc.o
 *fill*         0x000000000800ff92        0x2 
 .rodata        0x000000000800ff94       0x5a ./src/PHY/Lib/cmsis_lib/stm32f4xx/stm32f4xx_gpio.o
 *fill*         0x000000000800ffee        0x2 
 .rodata.__FUNCTION__.6812
                0x000000000800fff0        0xa ./src/PHY/Lib/cmsis_lib/stm32f4xx/stm32f4xx_gpio.o
 *fill*         0x000000000800fffa        0x2 
 .rodata.__FUNCTION__.6863
                0x000000000800fffc        0xd ./src/PHY/Lib/cmsis_lib/stm32f4xx/stm32f4xx_gpio.o
 *fill*         0x0000000008010009        0x3 
 .rodata.__FUNCTION__.6870
                0x000000000801000c        0xf ./src/PHY/Lib/cmsis_lib/stm32f4xx/stm32f4xx_gpio.o
 *fill*         0x000000000801001b        0x1 
 .rodata.__FUNCTION__.6901
                0x000000000801001c       0x11 ./src/PHY/Lib/cmsis_lib/stm32f4xx/stm32f4xx_gpio.o
 *fill*         0x000000000801002d        0x3 
 .rodata        0x0000000008010030       0x5a ./src/PHY/Lib/cmsis_lib/stm32f4xx/stm32f4xx_rcc.o
 *fill*         0x000000000801008a        0x2 
 .rodata.__FUNCTION__.6887
                0x000000000801008c       0x17 ./src/PHY/Lib/cmsis_lib/stm32f4xx/stm32f4xx_rcc.o
 *fill*         0x00000000080100a3        0x1 
 .rodata.__FUNCTION__.6908
                0x00000000080100a4       0x17 ./src/PHY/Lib/cmsis_lib/stm32f4xx/stm32f4xx_rcc.o
 *fill*         0x00000000080100bb        0x1 
 .rodata.__FUNCTION__.6915
                0x00000000080100bc       0x17 ./src/PHY/Lib/cmsis_lib/stm32f4xx/stm32f4xx_rcc.o
 *fill*         0x00000000080100d3        0x1 
 .rodata.__FUNCTION__.6950
                0x00000000080100d4       0x17 ./src/PHY/Lib/cmsis_lib/stm32f4xx/stm32f4xx_rcc.o
 *fill*         0x00000000080100eb        0x1 
 .rodata        0x00000000080100ec       0x5a ./src/PHY/Lib/cmsis_lib/stm32f4xx/stm32f4xx_spi.o
 *fill*         0x0000000008010146        0x2 
 .rodata.__FUNCTION__.6828
                0x0000000008010148        0x9 ./src/PHY/Lib/cmsis_lib/stm32f4xx/stm32f4xx_spi.o
 *fill*         0x0000000008010151        0x3 
 .rodata.__FUNCTION__.6870
                0x0000000008010154        0x8 ./src/PHY/Lib/cmsis_lib/stm32f4xx/stm32f4xx_spi.o
 .rodata.__FUNCTION__.6930
                0x000000000801015c       0x14 ./src/PHY/Lib/cmsis_lib/stm32f4xx/stm32f4xx_spi.o
 .rodata.__FUNCTION__.6936
                0x0000000008010170       0x11 ./src/PHY/Lib/cmsis_lib/stm32f4xx/stm32f4xx_spi.o
 *fill*         0x0000000008010181        0x3 
 .rodata.__FUNCTION__.6988
                0x0000000008010184       0x16 ./src/PHY/Lib/cmsis_lib/stm32f4xx/stm32f4xx_spi.o
 *fill*         0x000000000801019a        0x2 
 .rodata        0x000000000801019c       0x5a ./src/PHY/Lib/cmsis_lib/stm32f4xx/stm32f4xx_tim.o
 *fill*         0x00000000080101f6        0x2 
 .rodata.__FUNCTION__.7060
                0x00000000080101f8       0x11 ./src/PHY/Lib/cmsis_lib/stm32f4xx/stm32f4xx_tim.o
 *fill*         0x0000000008010209        0x3 
 .rodata.__FUNCTION__.7144
                0x000000000801020c        0x8 ./src/PHY/Lib/cmsis_lib/stm32f4xx/stm32f4xx_tim.o
 .rodata        0x0000000008010214       0x5e ./src/PHY/Lib/cmsis_lib/stm32f4xx/stm32f4xx_usart.o
 *fill*         0x0000000008010272        0x2 
 .rodata.__FUNCTION__.6840
                0x0000000008010274        0xb ./src/PHY/Lib/cmsis_lib/stm32f4xx/stm32f4xx_usart.o
 *fill*         0x000000000801027f        0x1 
 .rodata.__FUNCTION__.6870
                0x0000000008010280        0xa ./src/PHY/Lib/cmsis_lib/stm32f4xx/stm32f4xx_usart.o
 *fill*         0x000000000801028a        0x2 
 .rodata.__FUNCTION__.6897
                0x000000000801028c        0xf ./src/PHY/Lib/cmsis_lib/stm32f4xx/stm32f4xx_usart.o
 *fill*         0x000000000801029b        0x1 
 .rodata        0x000000000801029c        0x5 ./src/OS/FreeRTOS_kernel/tasks.o
 *fill*         0x00000000080102a1        0x3 
 .rodata        0x00000000080102a4        0xd ./src/OS/FreeRTOS_kernel/timers.o
 *fill*         0x00000000080102b1        0x3 
 .rodata        0x00000000080102b4      0x128 ./src/MID/NetWork/arp.o
 .rodata        0x00000000080103dc      0x126 ./src/MID/NetWork/net.o
 *fill*         0x0000000008010502        0x2 
 .rodata        0x0000000008010504       0x71 ./src/MID/NetWork/netmork.o
 *fill*         0x0000000008010575        0x3 
 .rodata        0x0000000008010578       0x2d ./src/MID/NetWork/ntp.o
 *fill*         0x00000000080105a5        0x3 
 .rodata.stm32f4_html
                0x00000000080105a8      0x6b8 ./src/MID/NetWork/stm32f4_html.o
                0x00000000080105a8                stm32f4_html
 .rodata.http_header
                0x0000000008010c60       0x54 ./src/MID/NetWork/tcp.o
                0x0000000008010c60                http_header
 .rodata.error_header
                0x0000000008010cb4       0x60 ./src/MID/NetWork/tcp.o
                0x0000000008010cb4                error_header
 .rodata.e404_htm
                0x0000000008010d14      0x125 ./src/MID/NetWork/tcp.o
                0x0000000008010d14                e404_htm
 *fill*         0x0000000008010e39        0x3 
 .rodata        0x0000000008010e3c       0xae ./src/MID/NetWork/tcp.o
 *fill*         0x0000000008010eea        0x2 
 .rodata        0x0000000008010eec       0xd8 ./src/MID/NetWork/udp.o
 .rodata        0x0000000008010fc4       0xb4 ./src/MID/Monitor/monitor.o
 .rodata        0x0000000008011078      0x37e ./src/MID/main.o
 *fill*         0x00000000080113f6        0x2 
 .rodata._global_impure_ptr
                0x00000000080113f8        0x4 /home/yama/GCCToolchain/gcc-arm-none-eabi-6-2017-q1-update/bin/../lib/gcc/arm-none-eabi/6.3.1/../../../../arm-none-eabi/lib/thumb/v7e-m/libg.a(lib_a-impure.o)
                0x00000000080113f8                _global_impure_ptr
 .rodata.__month_lengths
                0x00000000080113fc       0x60 /home/yama/GCCToolchain/gcc-arm-none-eabi-6-2017-q1-update/bin/../lib/gcc/arm-none-eabi/6.3.1/../../../../arm-none-eabi/lib/thumb/v7e-m/libg.a(lib_a-month_lengths.o)
                0x00000000080113fc                __month_lengths
 .rodata._svfprintf_r.str1.4
                0x000000000801145c       0x42 /home/yama/GCCToolchain/gcc-arm-none-eabi-6-2017-q1-update/bin/../lib/gcc/arm-none-eabi/6.3.1/../../../../arm-none-eabi/lib/thumb/v7e-m/libg.a(lib_a-svfprintf.o)
 *fill*         0x000000000801149e        0x2 
 .rodata.blanks.7228
                0x00000000080114a0       0x10 /home/yama/GCCToolchain/gcc-arm-none-eabi-6-2017-q1-update/bin/../lib/gcc/arm-none-eabi/6.3.1/../../../../arm-none-eabi/lib/thumb/v7e-m/libg.a(lib_a-svfprintf.o)
 .rodata.zeroes.7229
                0x00000000080114b0       0x10 /home/yama/GCCToolchain/gcc-arm-none-eabi-6-2017-q1-update/bin/../lib/gcc/arm-none-eabi/6.3.1/../../../../arm-none-eabi/lib/thumb/v7e-m/libg.a(lib_a-svfprintf.o)
 .rodata._tzset_unlocked_r.str1.4
                0x00000000080114c0       0x53 /home/yama/GCCToolchain/gcc-arm-none-eabi-6-2017-q1-update/bin/../lib/gcc/arm-none-eabi/6.3.1/../../../../arm-none-eabi/lib/thumb/v7e-m/libg.a(lib_a-tzset_r.o)
 .rodata.str1.4
                0x0000000008011513        0x4 /home/yama/GCCToolchain/gcc-arm-none-eabi-6-2017-q1-update/bin/../lib/gcc/arm-none-eabi/6.3.1/../../../../arm-none-eabi/lib/thumb/v7e-m/libg.a(lib_a-tzvars.o)
 *fill*         0x0000000008011513        0x1 
 .rodata._dtoa_r.str1.4
                0x0000000008011514       0x10 /home/yama/GCCToolchain/gcc-arm-none-eabi-6-2017-q1-update/bin/../lib/gcc/arm-none-eabi/6.3.1/../../../../arm-none-eabi/lib/thumb/v7e-m/libg.a(lib_a-dtoa.o)
                                         0x12 (size before relaxing)
 .rodata._setlocale_r.str1.4
                0x0000000008011524        0xa /home/yama/GCCToolchain/gcc-arm-none-eabi-6-2017-q1-update/bin/../lib/gcc/arm-none-eabi/6.3.1/../../../../arm-none-eabi/lib/thumb/v7e-m/libg.a(lib_a-locale.o)
                                          0xd (size before relaxing)
 *fill*         0x000000000801152e        0x2 
 .rodata.str1.4
                0x0000000008011530        0x4 /home/yama/GCCToolchain/gcc-arm-none-eabi-6-2017-q1-update/bin/../lib/gcc/arm-none-eabi/6.3.1/../../../../arm-none-eabi/lib/thumb/v7e-m/libg.a(lib_a-locale.o)
                                          0x2 (size before relaxing)
 *fill*         0x0000000008011534        0x4 
 .rodata.__mprec_bigtens
                0x0000000008011538       0x28 /home/yama/GCCToolchain/gcc-arm-none-eabi-6-2017-q1-update/bin/../lib/gcc/arm-none-eabi/6.3.1/../../../../arm-none-eabi/lib/thumb/v7e-m/libg.a(lib_a-mprec.o)
                0x0000000008011538                __mprec_bigtens
 .rodata.__mprec_tens
                0x0000000008011560       0xc8 /home/yama/GCCToolchain/gcc-arm-none-eabi-6-2017-q1-update/bin/../lib/gcc/arm-none-eabi/6.3.1/../../../../arm-none-eabi/lib/thumb/v7e-m/libg.a(lib_a-mprec.o)
                0x0000000008011560                __mprec_tens
 .rodata.p05.6060
                0x0000000008011628        0xc /home/yama/GCCToolchain/gcc-arm-none-eabi-6-2017-q1-update/bin/../lib/gcc/arm-none-eabi/6.3.1/../../../../arm-none-eabi/lib/thumb/v7e-m/libg.a(lib_a-mprec.o)
 .rodata.basefix.6792
                0x0000000008011634       0x22 /home/yama/GCCToolchain/gcc-arm-none-eabi-6-2017-q1-update/bin/../lib/gcc/arm-none-eabi/6.3.1/../../../../arm-none-eabi/lib/thumb/v7e-m/libg.a(lib_a-svfiscanf.o)
 *fill*         0x0000000008011656        0x2 
 .rodata._ctype_
                0x0000000008011658      0x101 /home/yama/GCCToolchain/gcc-arm-none-eabi-6-2017-q1-update/bin/../lib/gcc/arm-none-eabi/6.3.1/../../../../arm-none-eabi/lib/thumb/v7e-m/libg.a(lib_a-ctype_.o)
                0x0000000008011658                _ctype_
 .rodata._mbrtowc_r.str1.4
                0x0000000008011759        0x1 /home/yama/GCCToolchain/gcc-arm-none-eabi-6-2017-q1-update/bin/../lib/gcc/arm-none-eabi/6.3.1/../../../../arm-none-eabi/lib/thumb/v7e-m/libg.a(lib_a-mbrtowc.o)
 *(.eh_fram e*)

.eh_frame       0x000000000801175c        0x0
 .eh_frame      0x000000000801175c        0x0 /home/yama/GCCToolchain/gcc-arm-none-eabi-6-2017-q1-update/bin/../lib/gcc/arm-none-eabi/6.3.1/thumb/v7e-m/crtbegin.o

.glue_7         0x000000000801175c        0x0
 .glue_7        0x000000000801175c        0x0 linker stubs

.glue_7t        0x000000000801175c        0x0
 .glue_7t       0x000000000801175c        0x0 linker stubs

.vfp11_veneer   0x000000000801175c        0x0
 .vfp11_veneer  0x000000000801175c        0x0 linker stubs

.v4_bx          0x000000000801175c        0x0
 .v4_bx         0x000000000801175c        0x0 linker stubs

.iplt           0x000000000801175c        0x0
 .iplt          0x000000000801175c        0x0 /home/yama/GCCToolchain/gcc-arm-none-eabi-6-2017-q1-update/bin/../lib/gcc/arm-none-eabi/6.3.1/thumb/v7e-m/crtbegin.o

.ARM.extab
 *(.ARM.extab* .gnu.linkonce.armextab.*)
                0x000000000801175c                __exidx_start = .

.ARM.exidx      0x000000000801175c        0x8
 *(.ARM.exidx* .gnu.linkonce.armexidx.*)
 .ARM.exidx     0x000000000801175c        0x8 /home/yama/GCCToolchain/gcc-arm-none-eabi-6-2017-q1-update/bin/../lib/gcc/arm-none-eabi/6.3.1/thumb/v7e-m/libgcc.a(_udivmoddi4.o)
                0x0000000008011764                __exidx_end = .
                0x0000000008011764                __etext = .
                0x0000000008011764                _sidata = __etext

.rel.dyn        0x0000000008011764        0x0
 .rel.iplt      0x0000000008011764        0x0 /home/yama/GCCToolchain/gcc-arm-none-eabi-6-2017-q1-update/bin/../lib/gcc/arm-none-eabi/6.3.1/thumb/v7e-m/crtbegin.o

.data           0x0000000020000000      0xc18 load address 0x0000000008011764
                0x0000000020000000                __data_start__ = .
                0x0000000020000000                _sdata = __data_start__
 *(vtable)
 *(.data*)
 .data.environ  0x0000000020000000        0x4 ./src/semihosting/newlib/_syscalls.o
                0x0000000020000000                environ
 .data.gFontFullYama
                0x0000000020000004      0x1de ./src/PHY/Peripheral/LCD1202/lcd_fontresource.o
                0x0000000020000004                gFontFullYama
 *fill*         0x00000000200001e2        0x2 
 .data.SystemCoreClock
                0x00000000200001e4        0x4 ./src/PHY/MCU/ARM/stm32f4xx/system_stm32f4xx.o
                0x00000000200001e4                SystemCoreClock
 .data.APBAHBPrescTable
                0x00000000200001e8       0x10 ./src/PHY/Lib/cmsis_lib/stm32f4xx/stm32f4xx_rcc.o
 .data.uxCriticalNesting
                0x00000000200001f8        0x4 ./src/OS/FreeRTOS_kernel/port.o
 .data.ipaddr   0x00000000200001fc        0x4 ./src/MID/NetWork/net.o
                0x00000000200001fc                ipaddr
 .data.ipgate   0x0000000020000200        0x4 ./src/MID/NetWork/net.o
                0x0000000020000200                ipgate
 .data.ipmask   0x0000000020000204        0x4 ./src/MID/NetWork/net.o
                0x0000000020000204                ipmask
 .data.tcp_mss  0x0000000020000208        0x2 ./src/MID/NetWork/tcp.o
                0x0000000020000208                tcp_mss
 .data.tcp_stat
                0x000000002000020a        0x1 ./src/MID/NetWork/tcp.o
                0x000000002000020a                tcp_stat
 *fill*         0x000000002000020b        0x1 
 .data.macaddr  0x000000002000020c        0x6 ./src/MID/main.o
                0x000000002000020c                macaddr
 *fill*         0x0000000020000212        0x2 
 .data._impure_ptr
                0x0000000020000214        0x4 /home/yama/GCCToolchain/gcc-arm-none-eabi-6-2017-q1-update/bin/../lib/gcc/arm-none-eabi/6.3.1/../../../../arm-none-eabi/lib/thumb/v7e-m/libg.a(lib_a-impure.o)
                0x0000000020000214                _impure_ptr
 .data.impure_data
                0x0000000020000218      0x428 /home/yama/GCCToolchain/gcc-arm-none-eabi-6-2017-q1-update/bin/../lib/gcc/arm-none-eabi/6.3.1/../../../../arm-none-eabi/lib/thumb/v7e-m/libg.a(lib_a-impure.o)
 .data._tzname  0x0000000020000640        0x8 /home/yama/GCCToolchain/gcc-arm-none-eabi-6-2017-q1-update/bin/../lib/gcc/arm-none-eabi/6.3.1/../../../../arm-none-eabi/lib/thumb/v7e-m/libg.a(lib_a-tzvars.o)
                0x0000000020000640                _tzname
 .data.__atexit_recursive_mutex
                0x0000000020000648        0x4 /home/yama/GCCToolchain/gcc-arm-none-eabi-6-2017-q1-update/bin/../lib/gcc/arm-none-eabi/6.3.1/../../../../arm-none-eabi/lib/thumb/v7e-m/libg.a(lib_a-__call_atexit.o)
                0x0000000020000648                __atexit_recursive_mutex
 .data.tzinfo   0x000000002000064c       0x40 /home/yama/GCCToolchain/gcc-arm-none-eabi-6-2017-q1-update/bin/../lib/gcc/arm-none-eabi/6.3.1/../../../../arm-none-eabi/lib/thumb/v7e-m/libg.a(lib_a-gettzinfo.o)
 .data.__global_locale
                0x000000002000068c      0x16c /home/yama/GCCToolchain/gcc-arm-none-eabi-6-2017-q1-update/bin/../lib/gcc/arm-none-eabi/6.3.1/../../../../arm-none-eabi/lib/thumb/v7e-m/libg.a(lib_a-locale.o)
                0x000000002000068c                __global_locale
 .data.__malloc_av_
                0x00000000200007f8      0x408 /home/yama/GCCToolchain/gcc-arm-none-eabi-6-2017-q1-update/bin/../lib/gcc/arm-none-eabi/6.3.1/../../../../arm-none-eabi/lib/thumb/v7e-m/libg.a(lib_a-mallocr.o)
                0x00000000200007f8                __malloc_av_
 .data.__malloc_sbrk_base
                0x0000000020000c00        0x4 /home/yama/GCCToolchain/gcc-arm-none-eabi-6-2017-q1-update/bin/../lib/gcc/arm-none-eabi/6.3.1/../../../../arm-none-eabi/lib/thumb/v7e-m/libg.a(lib_a-mallocr.o)
                0x0000000020000c00                __malloc_sbrk_base
 .data.__malloc_trim_threshold
                0x0000000020000c04        0x4 /home/yama/GCCToolchain/gcc-arm-none-eabi-6-2017-q1-update/bin/../lib/gcc/arm-none-eabi/6.3.1/../../../../arm-none-eabi/lib/thumb/v7e-m/libg.a(lib_a-mallocr.o)
                0x0000000020000c04                __malloc_trim_threshold
                0x0000000020000c08                . = ALIGN (0x4)
                0x0000000020000c08                PROVIDE (__preinit_array_start, .)
 *(.preinit_array)
                0x0000000020000c08                PROVIDE (__preinit_array_end, .)
                0x0000000020000c08                . = ALIGN (0x4)
                0x0000000020000c08                PROVIDE (__init_array_start, .)
 *(SORT(.init_array.*))
 .init_array.00000
                0x0000000020000c08        0x4 /home/yama/GCCToolchain/gcc-arm-none-eabi-6-2017-q1-update/bin/../lib/gcc/arm-none-eabi/6.3.1/../../../../arm-none-eabi/lib/thumb/v7e-m/libg.a(lib_a-__call_atexit.o)
 *(.init_array)
 .init_array    0x0000000020000c0c        0x4 /home/yama/GCCToolchain/gcc-arm-none-eabi-6-2017-q1-update/bin/../lib/gcc/arm-none-eabi/6.3.1/thumb/v7e-m/crtbegin.o
                0x0000000020000c10                PROVIDE (__init_array_end, .)
                0x0000000020000c10                . = ALIGN (0x4)
                0x0000000020000c10                PROVIDE (__fini_array_start, .)
 *(SORT(.fini_array.*))
 *(.fini_array)
 .fini_array    0x0000000020000c10        0x4 /home/yama/GCCToolchain/gcc-arm-none-eabi-6-2017-q1-update/bin/../lib/gcc/arm-none-eabi/6.3.1/thumb/v7e-m/crtbegin.o
                0x0000000020000c14                PROVIDE (__fini_array_end, .)
 *(.jcr*)
 .jcr           0x0000000020000c14        0x0 /home/yama/GCCToolchain/gcc-arm-none-eabi-6-2017-q1-update/bin/../lib/gcc/arm-none-eabi/6.3.1/thumb/v7e-m/crtbegin.o
 .jcr           0x0000000020000c14        0x4 /home/yama/GCCToolchain/gcc-arm-none-eabi-6-2017-q1-update/bin/../lib/gcc/arm-none-eabi/6.3.1/thumb/v7e-m/crtend.o
                0x0000000020000c18                . = ALIGN (0x4)
                0x0000000020000c18                __data_end__ = .
                0x0000000020000c18                _edata = __data_end__

.igot.plt       0x0000000020000c18        0x0 load address 0x000000000801237c
 .igot.plt      0x0000000020000c18        0x0 /home/yama/GCCToolchain/gcc-arm-none-eabi-6-2017-q1-update/bin/../lib/gcc/arm-none-eabi/6.3.1/thumb/v7e-m/crtbegin.o

.bss            0x0000000020000c18     0xb544 load address 0x000000000801237c
                0x0000000020000c18                . = ALIGN (0x4)
                0x0000000020000c18                __bss_start__ = .
                0x0000000020000c18                _sbss = __bss_start__
 *(.bss*)